Archive member included to satisfy reference by file (symbol)

C:/ST/STM32CubeIDE_1.13.2/STM32CubeIDE/plugins/com.st.stm32cube.ide.mcu.externaltools.gnu-tools-for-stm32.11.3.rel1.win32_1.1.1.202309131626/tools/bin/../lib/gcc/arm-none-eabi/11.3.1/../../../../arm-none-eabi/lib/thumb/v7e-m+dp/hard\libc_nano.a(libc_a-exit.o)
                              C:/ST/STM32CubeIDE_1.13.2/STM32CubeIDE/plugins/com.st.stm32cube.ide.mcu.externaltools.gnu-tools-for-stm32.11.3.rel1.win32_1.1.1.202309131626/tools/bin/../lib/gcc/arm-none-eabi/11.3.1/../../../../arm-none-eabi/lib/thumb/v7e-m+dp/hard/crt0.o (exit)
C:/ST/STM32CubeIDE_1.13.2/STM32CubeIDE/plugins/com.st.stm32cube.ide.mcu.externaltools.gnu-tools-for-stm32.11.3.rel1.win32_1.1.1.202309131626/tools/bin/../lib/gcc/arm-none-eabi/11.3.1/../../../../arm-none-eabi/lib/thumb/v7e-m+dp/hard\libc_nano.a(libc_a-findfp.o)
                              C:/ST/STM32CubeIDE_1.13.2/STM32CubeIDE/plugins/com.st.stm32cube.ide.mcu.externaltools.gnu-tools-for-stm32.11.3.rel1.win32_1.1.1.202309131626/tools/bin/../lib/gcc/arm-none-eabi/11.3.1/../../../../arm-none-eabi/lib/thumb/v7e-m+dp/hard\libc_nano.a(libc_a-exit.o) (__stdio_exit_handler)
C:/ST/STM32CubeIDE_1.13.2/STM32CubeIDE/plugins/com.st.stm32cube.ide.mcu.externaltools.gnu-tools-for-stm32.11.3.rel1.win32_1.1.1.202309131626/tools/bin/../lib/gcc/arm-none-eabi/11.3.1/../../../../arm-none-eabi/lib/thumb/v7e-m+dp/hard\libc_nano.a(libc_a-fwalk.o)
                              C:/ST/STM32CubeIDE_1.13.2/STM32CubeIDE/plugins/com.st.stm32cube.ide.mcu.externaltools.gnu-tools-for-stm32.11.3.rel1.win32_1.1.1.202309131626/tools/bin/../lib/gcc/arm-none-eabi/11.3.1/../../../../arm-none-eabi/lib/thumb/v7e-m+dp/hard\libc_nano.a(libc_a-findfp.o) (_fwalk_sglue)
C:/ST/STM32CubeIDE_1.13.2/STM32CubeIDE/plugins/com.st.stm32cube.ide.mcu.externaltools.gnu-tools-for-stm32.11.3.rel1.win32_1.1.1.202309131626/tools/bin/../lib/gcc/arm-none-eabi/11.3.1/../../../../arm-none-eabi/lib/thumb/v7e-m+dp/hard\libc_nano.a(libc_a-stdio.o)
                              C:/ST/STM32CubeIDE_1.13.2/STM32CubeIDE/plugins/com.st.stm32cube.ide.mcu.externaltools.gnu-tools-for-stm32.11.3.rel1.win32_1.1.1.202309131626/tools/bin/../lib/gcc/arm-none-eabi/11.3.1/../../../../arm-none-eabi/lib/thumb/v7e-m+dp/hard\libc_nano.a(libc_a-findfp.o) (__sread)
C:/ST/STM32CubeIDE_1.13.2/STM32CubeIDE/plugins/com.st.stm32cube.ide.mcu.externaltools.gnu-tools-for-stm32.11.3.rel1.win32_1.1.1.202309131626/tools/bin/../lib/gcc/arm-none-eabi/11.3.1/../../../../arm-none-eabi/lib/thumb/v7e-m+dp/hard\libc_nano.a(libc_a-memcmp.o)
                              ./Core/Src/main.o (memcmp)
C:/ST/STM32CubeIDE_1.13.2/STM32CubeIDE/plugins/com.st.stm32cube.ide.mcu.externaltools.gnu-tools-for-stm32.11.3.rel1.win32_1.1.1.202309131626/tools/bin/../lib/gcc/arm-none-eabi/11.3.1/../../../../arm-none-eabi/lib/thumb/v7e-m+dp/hard\libc_nano.a(libc_a-memset.o)
                              C:/ST/STM32CubeIDE_1.13.2/STM32CubeIDE/plugins/com.st.stm32cube.ide.mcu.externaltools.gnu-tools-for-stm32.11.3.rel1.win32_1.1.1.202309131626/tools/bin/../lib/gcc/arm-none-eabi/11.3.1/../../../../arm-none-eabi/lib/thumb/v7e-m+dp/hard/crt0.o (memset)
C:/ST/STM32CubeIDE_1.13.2/STM32CubeIDE/plugins/com.st.stm32cube.ide.mcu.externaltools.gnu-tools-for-stm32.11.3.rel1.win32_1.1.1.202309131626/tools/bin/../lib/gcc/arm-none-eabi/11.3.1/../../../../arm-none-eabi/lib/thumb/v7e-m+dp/hard\libc_nano.a(libc_a-closer.o)
                              C:/ST/STM32CubeIDE_1.13.2/STM32CubeIDE/plugins/com.st.stm32cube.ide.mcu.externaltools.gnu-tools-for-stm32.11.3.rel1.win32_1.1.1.202309131626/tools/bin/../lib/gcc/arm-none-eabi/11.3.1/../../../../arm-none-eabi/lib/thumb/v7e-m+dp/hard\libc_nano.a(libc_a-stdio.o) (_close_r)
C:/ST/STM32CubeIDE_1.13.2/STM32CubeIDE/plugins/com.st.stm32cube.ide.mcu.externaltools.gnu-tools-for-stm32.11.3.rel1.win32_1.1.1.202309131626/tools/bin/../lib/gcc/arm-none-eabi/11.3.1/../../../../arm-none-eabi/lib/thumb/v7e-m+dp/hard\libc_nano.a(libc_a-reent.o)
                              C:/ST/STM32CubeIDE_1.13.2/STM32CubeIDE/plugins/com.st.stm32cube.ide.mcu.externaltools.gnu-tools-for-stm32.11.3.rel1.win32_1.1.1.202309131626/tools/bin/../lib/gcc/arm-none-eabi/11.3.1/../../../../arm-none-eabi/lib/thumb/v7e-m+dp/hard\libc_nano.a(libc_a-closer.o) (errno)
C:/ST/STM32CubeIDE_1.13.2/STM32CubeIDE/plugins/com.st.stm32cube.ide.mcu.externaltools.gnu-tools-for-stm32.11.3.rel1.win32_1.1.1.202309131626/tools/bin/../lib/gcc/arm-none-eabi/11.3.1/../../../../arm-none-eabi/lib/thumb/v7e-m+dp/hard\libc_nano.a(libc_a-impure.o)
                              C:/ST/STM32CubeIDE_1.13.2/STM32CubeIDE/plugins/com.st.stm32cube.ide.mcu.externaltools.gnu-tools-for-stm32.11.3.rel1.win32_1.1.1.202309131626/tools/bin/../lib/gcc/arm-none-eabi/11.3.1/../../../../arm-none-eabi/lib/thumb/v7e-m+dp/hard\libc_nano.a(libc_a-reent.o) (_impure_ptr)
[...]
Memory Configuration

Name             Origin             Length             Attributes
RAM_D1           0x0000000024000004 0x0000000000080000 xrw
*default*        0x0000000000000000 0xffffffffffffffff

Linker script and memory map

LOAD C:/ST/STM32CubeIDE_1.13.2/STM32CubeIDE/plugins/com.st.stm32cube.ide.mcu.externaltools.gnu-tools-for-stm32.11.3.rel1.win32_1.1.1.202309131626/tools/bin/../lib/gcc/arm-none-eabi/11.3.1/thumb/v7e-m+dp/hard/crti.o
LOAD C:/ST/STM32CubeIDE_1.13.2/STM32CubeIDE/plugins/com.st.stm32cube.ide.mcu.externaltools.gnu-tools-for-stm32.11.3.rel1.win32_1.1.1.202309131626/tools/bin/../lib/gcc/arm-none-eabi/11.3.1/thumb/v7e-m+dp/hard/crtbegin.o
LOAD C:/ST/STM32CubeIDE_1.13.2/STM32CubeIDE/plugins/com.st.stm32cube.ide.mcu.externaltools.gnu-tools-for-stm32.11.3.rel1.win32_1.1.1.202309131626/tools/bin/../lib/gcc/arm-none-eabi/11.3.1/../../../../arm-none-eabi/lib/thumb/v7e-m+dp/hard/crt0.o
LOAD ./Core/Src/Dev_Inf.o
LOAD ./Core/Src/Loader_Src.o
LOAD ./Core/Src/gpio.o
LOAD ./Core/Src/main.o
LOAD ./Core/Src/quadspi.o
LOAD ./Core/Src/stm32h7xx_hal_msp.o
LOAD ./Core/Src/stm32h7xx_it.o
LOAD ./Core/Src/syscalls.o
LOAD ./Core/Src/sysmem.o
LOAD ./Core/Src/system_stm32h7xx.o
LOAD ./Core/Startup/startup_stm32h743igtx.o
LOAD ./Drivers/STM32H7xx_HAL_Driver/Src/stm32h7xx_hal.o
LOAD ./Drivers/STM32H7xx_HAL_Driver/Src/stm32h7xx_hal_cortex.o
LOAD ./Drivers/STM32H7xx_HAL_Driver/Src/stm32h7xx_hal_dma.o
LOAD ./Drivers/STM32H7xx_HAL_Driver/Src/stm32h7xx_hal_dma_ex.o
LOAD ./Drivers/STM32H7xx_HAL_Driver/Src/stm32h7xx_hal_exti.o
LOAD ./Drivers/STM32H7xx_HAL_Driver/Src/stm32h7xx_hal_flash.o
LOAD ./Drivers/STM32H7xx_HAL_Driver/Src/stm32h7xx_hal_flash_ex.o
LOAD ./Drivers/STM32H7xx_HAL_Driver/Src/stm32h7xx_hal_gpio.o
LOAD ./Drivers/STM32H7xx_HAL_Driver/Src/stm32h7xx_hal_hsem.o
LOAD ./Drivers/STM32H7xx_HAL_Driver/Src/stm32h7xx_hal_i2c.o
LOAD ./Drivers/STM32H7xx_HAL_Driver/Src/stm32h7xx_hal_i2c_ex.o
LOAD ./Drivers/STM32H7xx_HAL_Driver/Src/stm32h7xx_hal_mdma.o
LOAD ./Drivers/STM32H7xx_HAL_Driver/Src/stm32h7xx_hal_pwr.o
LOAD ./Drivers/STM32H7xx_HAL_Driver/Src/stm32h7xx_hal_pwr_ex.o
LOAD ./Drivers/STM32H7xx_HAL_Driver/Src/stm32h7xx_hal_qspi.o
LOAD ./Drivers/STM32H7xx_HAL_Driver/Src/stm32h7xx_hal_rcc.o
LOAD ./Drivers/STM32H7xx_HAL_Driver/Src/stm32h7xx_hal_rcc_ex.o
LOAD ./Drivers/STM32H7xx_HAL_Driver/Src/stm32h7xx_hal_tim.o
LOAD ./Drivers/STM32H7xx_HAL_Driver/Src/stm32h7xx_hal_tim_ex.o
START GROUP
LOAD C:/ST/STM32CubeIDE_1.13.2/STM32CubeIDE/plugins/com.st.stm32cube.ide.mcu.externaltools.gnu-tools-for-stm32.11.3.rel1.win32_1.1.1.202309131626/tools/bin/../lib/gcc/arm-none-eabi/11.3.1/../../../../arm-none-eabi/lib/thumb/v7e-m+dp/hard\libc_nano.a
LOAD C:/ST/STM32CubeIDE_1.13.2/STM32CubeIDE/plugins/com.st.stm32cube.ide.mcu.externaltools.gnu-tools-for-stm32.11.3.rel1.win32_1.1.1.202309131626/tools/bin/../lib/gcc/arm-none-eabi/11.3.1/../../../../arm-none-eabi/lib/thumb/v7e-m+dp/hard\libm.a
END GROUP
START GROUP
LOAD C:/ST/STM32CubeIDE_1.13.2/STM32CubeIDE/plugins/com.st.stm32cube.ide.mcu.externaltools.gnu-tools-for-stm32.11.3.rel1.win32_1.1.1.202309131626/tools/bin/../lib/gcc/arm-none-eabi/11.3.1/thumb/v7e-m+dp/hard\libgcc.a
LOAD C:/ST/STM32CubeIDE_1.13.2/STM32CubeIDE/plugins/com.st.stm32cube.ide.mcu.externaltools.gnu-tools-for-stm32.11.3.rel1.win32_1.1.1.202309131626/tools/bin/../lib/gcc/arm-none-eabi/11.3.1/../../../../arm-none-eabi/lib/thumb/v7e-m+dp/hard\libc_nano.a
END GROUP
START GROUP
LOAD C:/ST/STM32CubeIDE_1.13.2/STM32CubeIDE/plugins/com.st.stm32cube.ide.mcu.externaltools.gnu-tools-for-stm32.11.3.rel1.win32_1.1.1.202309131626/tools/bin/../lib/gcc/arm-none-eabi/11.3.1/thumb/v7e-m+dp/hard\libgcc.a
LOAD C:/ST/STM32CubeIDE_1.13.2/STM32CubeIDE/plugins/com.st.stm32cube.ide.mcu.externaltools.gnu-tools-for-stm32.11.3.rel1.win32_1.1.1.202309131626/tools/bin/../lib/gcc/arm-none-eabi/11.3.1/../../../../arm-none-eabi/lib/thumb/v7e-m+dp/hard\libc_nano.a
LOAD C:/ST/STM32CubeIDE_1.13.2/STM32CubeIDE/plugins/com.st.stm32cube.ide.mcu.externaltools.gnu-tools-for-stm32.11.3.rel1.win32_1.1.1.202309131626/tools/bin/../lib/gcc/arm-none-eabi/11.3.1/../../../../arm-none-eabi/lib/thumb/v7e-m+dp/hard\libnosys.a
END GROUP
START GROUP
LOAD C:/ST/STM32CubeIDE_1.13.2/STM32CubeIDE/plugins/com.st.stm32cube.ide.mcu.externaltools.gnu-tools-for-stm32.11.3.rel1.win32_1.1.1.202309131626/tools/bin/../lib/gcc/arm-none-eabi/11.3.1/thumb/v7e-m+dp/hard\libgcc.a
LOAD C:/ST/STM32CubeIDE_1.13.2/STM32CubeIDE/plugins/com.st.stm32cube.ide.mcu.externaltools.gnu-tools-for-stm32.11.3.rel1.win32_1.1.1.202309131626/tools/bin/../lib/gcc/arm-none-eabi/11.3.1/../../../../arm-none-eabi/lib/thumb/v7e-m+dp/hard\libc_nano.a
LOAD C:/ST/STM32CubeIDE_1.13.2/STM32CubeIDE/plugins/com.st.stm32cube.ide.mcu.externaltools.gnu-tools-for-stm32.11.3.rel1.win32_1.1.1.202309131626/tools/bin/../lib/gcc/arm-none-eabi/11.3.1/../../../../arm-none-eabi/lib/thumb/v7e-m+dp/hard\libnosys.a
END GROUP
LOAD C:/ST/STM32CubeIDE_1.13.2/STM32CubeIDE/plugins/com.st.stm32cube.ide.mcu.externaltools.gnu-tools-for-stm32.11.3.rel1.win32_1.1.1.202309131626/tools/bin/../lib/gcc/arm-none-eabi/11.3.1/thumb/v7e-m+dp/hard/crtend.o
LOAD C:/ST/STM32CubeIDE_1.13.2/STM32CubeIDE/plugins/com.st.stm32cube.ide.mcu.externaltools.gnu-tools-for-stm32.11.3.rel1.win32_1.1.1.202309131626/tools/bin/../lib/gcc/arm-none-eabi/11.3.1/thumb/v7e-m+dp/hard/crtn.o
                0x0000000024080004                _estack = (ORIGIN (RAM_D1) + LENGTH (RAM_D1))
                0x0000000000000200                _Min_Heap_Size = 0x200
                0x0000000000000400                _Min_Stack_Size = 0x400

.isr_vector     0x0000000024000004      0x494
                0x0000000024000200                . = (. + 0x1fc)
 *fill*         0x0000000024000004      0x1fc 
                0x0000000024000200                . = ALIGN (0x4)
 *(.isr_vector)
 .isr_vector    0x0000000024000200      0x298 ./Core/Startup/startup_stm32h743igtx.o
                0x0000000024000200                g_pfnVectors
                0x0000000024000498                . = ALIGN (0x4)

.ARM.extab      0x0000000024000498        0x0
 *(.ARM.extab* .gnu.linkonce.armextab.*)
 .ARM.extab     0x0000000024000498        0x0 C:/ST/STM32CubeIDE_1.13.2/STM32CubeIDE/plugins/com.st.stm32cube.ide.mcu.externaltools.gnu-tools-for-stm32.11.3.rel1.win32_1.1.1.202309131626/tools/bin/../lib/gcc/arm-none-eabi/11.3.1/../../../../arm-none-eabi/lib/thumb/v7e-m+dp/hard/crt0.o

.ARM            0x0000000024000498        0x8
                0x0000000024000498                __exidx_start = .
 *(.ARM.exidx*)
 .ARM.exidx     0x0000000024000498        0x8 C:/ST/STM32CubeIDE_1.13.2/STM32CubeIDE/plugins/com.st.stm32cube.ide.mcu.externaltools.gnu-tools-for-stm32.11.3.rel1.win32_1.1.1.202309131626/tools/bin/../lib/gcc/arm-none-eabi/11.3.1/../../../../arm-none-eabi/lib/thumb/v7e-m+dp/hard/crt0.o
                                         0x10 (size before relaxing)
                0x00000000240004a0                __exidx_end = .

.preinit_array  0x00000000240004a0        0x0
                0x00000000240004a0                PROVIDE (__preinit_array_start = .)
 *(.preinit_array*)
                0x00000000240004a0                PROVIDE (__preinit_array_end = .)

.init_array     0x00000000240004a0        0x4
                0x00000000240004a0                PROVIDE (__init_array_start = .)
 *(SORT_BY_NAME(.init_array.*))
 *(.init_array*)
 .init_array    0x00000000240004a0        0x4 C:/ST/STM32CubeIDE_1.13.2/STM32CubeIDE/plugins/com.st.stm32cube.ide.mcu.externaltools.gnu-tools-for-stm32.11.3.rel1.win32_1.1.1.202309131626/tools/bin/../lib/gcc/arm-none-eabi/11.3.1/thumb/v7e-m+dp/hard/crtbegin.o
                0x00000000240004a4                PROVIDE (__init_array_end = .)

.fini_array     0x00000000240004a4        0x4
                [!provide]                        PROVIDE (__fini_array_start = .)
 *(SORT_BY_NAME(.fini_array.*))
 *(.fini_array*)
 .fini_array    0x00000000240004a4        0x4 C:/ST/STM32CubeIDE_1.13.2/STM32CubeIDE/plugins/com.st.stm32cube.ide.mcu.externaltools.gnu-tools-for-stm32.11.3.rel1.win32_1.1.1.202309131626/tools/bin/../lib/gcc/arm-none-eabi/11.3.1/thumb/v7e-m+dp/hard/crtbegin.o
                [!provide]                        PROVIDE (__fini_array_end = .)
                0x00000000240004a8                _sidata = LOADADDR (.data)

.data           0x00000000240004a8       0x74
                0x00000000240004a8                . = ALIGN (0x4)
                0x00000000240004a8                _sdata = .
 *(.data)
 .data          0x00000000240004a8        0x0 C:/ST/STM32CubeIDE_1.13.2/STM32CubeIDE/plugins/com.st.stm32cube.ide.mcu.externaltools.gnu-tools-for-stm32.11.3.rel1.win32_1.1.1.202309131626/tools/bin/../lib/gcc/arm-none-eabi/11.3.1/thumb/v7e-m+dp/hard/crti.o
 .data          0x00000000240004a8        0x4 C:/ST/STM32CubeIDE_1.13.2/STM32CubeIDE/plugins/com.st.stm32cube.ide.mcu.externaltools.gnu-tools-for-stm32.11.3.rel1.win32_1.1.1.202309131626/tools/bin/../lib/gcc/arm-none-eabi/11.3.1/thumb/v7e-m+dp/hard/crtbegin.o
                0x00000000240004a8                __dso_handle
 .data          0x00000000240004ac        0x0 C:/ST/STM32CubeIDE_1.13.2/STM32CubeIDE/plugins/com.st.stm32cube.ide.mcu.externaltools.gnu-tools-for-stm32.11.3.rel1.win32_1.1.1.202309131626/tools/bin/../lib/gcc/arm-none-eabi/11.3.1/../../../../arm-none-eabi/lib/thumb/v7e-m+dp/hard/crt0.o
 .data          0x00000000240004ac        0x0 ./Core/Src/Dev_Inf.o
 .data          0x00000000240004ac        0x0 ./Core/Src/Loader_Src.o
 .data          0x00000000240004ac        0x0 ./Core/Src/gpio.o
 .data          0x00000000240004ac        0x0 ./Core/Src/main.o
 .data          0x00000000240004ac        0x0 ./Core/Src/quadspi.o
 .data          0x00000000240004ac        0x0 ./Core/Src/stm32h7xx_hal_msp.o
 .data          0x00000000240004ac        0x0 ./Core/Src/stm32h7xx_it.o
 .data          0x00000000240004ac        0x0 ./Core/Src/syscalls.o
 .data          0x00000000240004ac        0x0 ./Core/Src/sysmem.o
 .data          0x00000000240004ac        0x0 ./Core/Src/system_stm32h7xx.o
 .data          0x00000000240004ac        0x0 ./Core/Startup/startup_stm32h743igtx.o
 .data          0x00000000240004ac        0x0 ./Drivers/STM32H7xx_HAL_Driver/Src/stm32h7xx_hal.o
 .data          0x00000000240004ac        0x0 ./Drivers/STM32H7xx_HAL_Driver/Src/stm32h7xx_hal_cortex.o
 .data          0x00000000240004ac        0x0 ./Drivers/STM32H7xx_HAL_Driver/Src/stm32h7xx_hal_dma.o
 .data          0x00000000240004ac        0x0 ./Drivers/STM32H7xx_HAL_Driver/Src/stm32h7xx_hal_dma_ex.o
 .data          0x00000000240004ac        0x0 ./Drivers/STM32H7xx_HAL_Driver/Src/stm32h7xx_hal_exti.o
 .data          0x00000000240004ac        0x0 ./Drivers/STM32H7xx_HAL_Driver/Src/stm32h7xx_hal_flash.o
 .data          0x00000000240004ac        0x0 ./Drivers/STM32H7xx_HAL_Driver/Src/stm32h7xx_hal_flash_ex.o
 .data          0x00000000240004ac        0x0 ./Drivers/STM32H7xx_HAL_Driver/Src/stm32h7xx_hal_gpio.o
 .data          0x00000000240004ac        0x0 ./Drivers/STM32H7xx_HAL_Driver/Src/stm32h7xx_hal_hsem.o
 .data          0x00000000240004ac        0x0 ./Drivers/STM32H7xx_HAL_Driver/Src/stm32h7xx_hal_i2c.o
 .data          0x00000000240004ac        0x0 ./Drivers/STM32H7xx_HAL_Driver/Src/stm32h7xx_hal_i2c_ex.o
 .data          0x00000000240004ac        0x0 ./Drivers/STM32H7xx_HAL_Driver/Src/stm32h7xx_hal_mdma.o
 .data          0x00000000240004ac        0x0 ./Drivers/STM32H7xx_HAL_Driver/Src/stm32h7xx_hal_pwr.o
 .data          0x00000000240004ac        0x0 ./Drivers/STM32H7xx_HAL_Driver/Src/stm32h7xx_hal_pwr_ex.o
 .data          0x00000000240004ac        0x0 ./Drivers/STM32H7xx_HAL_Driver/Src/stm32h7xx_hal_qspi.o
 .data          0x00000000240004ac        0x0 ./Drivers/STM32H7xx_HAL_Driver/Src/stm32h7xx_hal_rcc.o
 .data          0x00000000240004ac        0x0 ./Drivers/STM32H7xx_HAL_Driver/Src/stm32h7xx_hal_rcc_ex.o
 .data          0x00000000240004ac        0x0 ./Drivers/STM32H7xx_HAL_Driver/Src/stm32h7xx_hal_tim.o
 .data          0x00000000240004ac        0x0 ./Drivers/STM32H7xx_HAL_Driver/Src/stm32h7xx_hal_tim_ex.o
 .data          0x00000000240004ac        0x0 C:/ST/STM32CubeIDE_1.13.2/STM32CubeIDE/plugins/com.st.stm32cube.ide.mcu.externaltools.gnu-tools-for-stm32.11.3.rel1.win32_1.1.1.202309131626/tools/bin/../lib/gcc/arm-none-eabi/11.3.1/../../../../arm-none-eabi/lib/thumb/v7e-m+dp/hard\libc_nano.a(libc_a-exit.o)
 .data          0x00000000240004ac        0x0 C:/ST/STM32CubeIDE_1.13.2/STM32CubeIDE/plugins/com.st.stm32cube.ide.mcu.externaltools.gnu-tools-for-stm32.11.3.rel1.win32_1.1.1.202309131626/tools/bin/../lib/gcc/arm-none-eabi/11.3.1/../../../../arm-none-eabi/lib/thumb/v7e-m+dp/hard\libc_nano.a(libc_a-findfp.o)
 .data          0x00000000240004ac        0x0 C:/ST/STM32CubeIDE_1.13.2/STM32CubeIDE/plugins/com.st.stm32cube.ide.mcu.externaltools.gnu-tools-for-stm32.11.3.rel1.win32_1.1.1.202309131626/tools/bin/../lib/gcc/arm-none-eabi/11.3.1/../../../../arm-none-eabi/lib/thumb/v7e-m+dp/hard\libc_nano.a(libc_a-fwalk.o)
 .data          0x00000000240004ac        0x0 C:/ST/STM32CubeIDE_1.13.2/STM32CubeIDE/plugins/com.st.stm32cube.ide.mcu.externaltools.gnu-tools-for-stm32.11.3.rel1.win32_1.1.1.202309131626/tools/bin/../lib/gcc/arm-none-eabi/11.3.1/../../../../arm-none-eabi/lib/thumb/v7e-m+dp/hard\libc_nano.a(libc_a-stdio.o)
 .data          0x00000000240004ac        0x0 C:/ST/STM32CubeIDE_1.13.2/STM32CubeIDE/plugins/com.st.stm32cube.ide.mcu.externaltools.gnu-tools-for-stm32.11.3.rel1.win32_1.1.1.202309131626/tools/bin/../lib/gcc/arm-none-eabi/11.3.1/../../../../arm-none-eabi/lib/thumb/v7e-m+dp/hard\libc_nano.a(libc_a-memcmp.o)
 .data          0x00000000240004ac        0x0 C:/ST/STM32CubeIDE_1.13.2/STM32CubeIDE/plugins/com.st.stm32cube.ide.mcu.externaltools.gnu-tools-for-stm32.11.3.rel1.win32_1.1.1.202309131626/tools/bin/../lib/gcc/arm-none-eabi/11.3.1/../../../../arm-none-eabi/lib/thumb/v7e-m+dp/hard\libc_nano.a(libc_a-memset.o)
 .data          0x00000000240004ac        0x0 C:/ST/STM32CubeIDE_1.13.2/STM32CubeIDE/plugins/com.st.stm32cube.ide.mcu.externaltools.gnu-tools-for-stm32.11.3.rel1.win32_1.1.1.202309131626/tools/bin/../lib/gcc/arm-none-eabi/11.3.1/../../../../arm-none-eabi/lib/thumb/v7e-m+dp/hard\libc_nano.a(libc_a-closer.o)
 .data          0x00000000240004ac        0x0 C:/ST/STM32CubeIDE_1.13.2/STM32CubeIDE/plugins/com.st.stm32cube.ide.mcu.externaltools.gnu-tools-for-stm32.11.3.rel1.win32_1.1.1.202309131626/tools/bin/../lib/gcc/arm-none-eabi/11.3.1/../../../../arm-none-eabi/lib/thumb/v7e-m+dp/hard\libc_nano.a(libc_a-reent.o)
 .data          0x00000000240004ac        0x0 C:/ST/STM32CubeIDE_1.13.2/STM32CubeIDE/plugins/com.st.stm32cube.ide.mcu.externaltools.gnu-tools-for-stm32.11.3.rel1.win32_1.1.1.202309131626/tools/bin/../lib/gcc/arm-none-eabi/11.3.1/../../../../arm-none-eabi/lib/thumb/v7e-m+dp/hard\libc_nano.a(libc_a-impure.o)
 .data          0x00000000240004ac        0x0 C:/ST/STM32CubeIDE_1.13.2/STM32CubeIDE/plugins/com.st.stm32cube.ide.mcu.externaltools.gnu-tools-for-stm32.11.3.rel1.win32_1.1.1.202309131626/tools/bin/../lib/gcc/arm-none-eabi/11.3.1/../../../../arm-none-eabi/lib/thumb/v7e-m+dp/hard\libc_nano.a(libc_a-lseekr.o)
 .data          0x00000000240004ac        0x0 C:/ST/STM32CubeIDE_1.13.2/STM32CubeIDE/plugins/com.st.stm32cube.ide.mcu.externaltools.gnu-tools-for-stm32.11.3.rel1.win32_1.1.1.202309131626/tools/bin/../lib/gcc/arm-none-eabi/11.3.1/../../../../arm-none-eabi/lib/thumb/v7e-m+dp/hard\libc_nano.a(libc_a-readr.o)
 .data          0x00000000240004ac        0x0 C:/ST/STM32CubeIDE_1.13.2/STM32CubeIDE/plugins/com.st.stm32cube.ide.mcu.externaltools.gnu-tools-for-stm32.11.3.rel1.win32_1.1.1.202309131626/tools/bin/../lib/gcc/arm-none-eabi/11.3.1/../../../../arm-none-eabi/lib/thumb/v7e-m+dp/hard\libc_nano.a(libc_a-writer.o)
 .data          0x00000000240004ac        0x0 C:/ST/STM32CubeIDE_1.13.2/STM32CubeIDE/plugins/com.st.stm32cube.ide.mcu.externaltools.gnu-tools-for-stm32.11.3.rel1.win32_1.1.1.202309131626/tools/bin/../lib/gcc/arm-none-eabi/11.3.1/../../../../arm-none-eabi/lib/thumb/v7e-m+dp/hard\libc_nano.a(libc_a-errno.o)
 .data          0x00000000240004ac        0x0 C:/ST/STM32CubeIDE_1.13.2/STM32CubeIDE/plugins/com.st.stm32cube.ide.mcu.externaltools.gnu-tools-for-stm32.11.3.rel1.win32_1.1.1.202309131626/tools/bin/../lib/gcc/arm-none-eabi/11.3.1/../../../../arm-none-eabi/lib/thumb/v7e-m+dp/hard\libc_nano.a(libc_a-init.o)
 .data          0x00000000240004ac        0x0 C:/ST/STM32CubeIDE_1.13.2/STM32CubeIDE/plugins/com.st.stm32cube.ide.mcu.externaltools.gnu-tools-for-stm32.11.3.rel1.win32_1.1.1.202309131626/tools/bin/../lib/gcc/arm-none-eabi/11.3.1/../../../../arm-none-eabi/lib/thumb/v7e-m+dp/hard\libc_nano.a(libc_a-lock.o)
 .data          0x00000000240004ac        0x0 C:/ST/STM32CubeIDE_1.13.2/STM32CubeIDE/plugins/com.st.stm32cube.ide.mcu.externaltools.gnu-tools-for-stm32.11.3.rel1.win32_1.1.1.202309131626/tools/bin/../lib/gcc/arm-none-eabi/11.3.1/../../../../arm-none-eabi/lib/thumb/v7e-m+dp/hard\libc_nano.a(libc_a-freer.o)
 .data          0x00000000240004ac        0x0 C:/ST/STM32CubeIDE_1.13.2/STM32CubeIDE/plugins/com.st.stm32cube.ide.mcu.externaltools.gnu-tools-for-stm32.11.3.rel1.win32_1.1.1.202309131626/tools/bin/../lib/gcc/arm-none-eabi/11.3.1/../../../../arm-none-eabi/lib/thumb/v7e-m+dp/hard\libc_nano.a(libc_a-mallocr.o)
 .data          0x00000000240004ac        0x0 C:/ST/STM32CubeIDE_1.13.2/STM32CubeIDE/plugins/com.st.stm32cube.ide.mcu.externaltools.gnu-tools-for-stm32.11.3.rel1.win32_1.1.1.202309131626/tools/bin/../lib/gcc/arm-none-eabi/11.3.1/../../../../arm-none-eabi/lib/thumb/v7e-m+dp/hard\libc_nano.a(libc_a-mlock.o)
 .data          0x00000000240004ac        0x0 C:/ST/STM32CubeIDE_1.13.2/STM32CubeIDE/plugins/com.st.stm32cube.ide.mcu.externaltools.gnu-tools-for-stm32.11.3.rel1.win32_1.1.1.202309131626/tools/bin/../lib/gcc/arm-none-eabi/11.3.1/../../../../arm-none-eabi/lib/thumb/v7e-m+dp/hard\libc_nano.a(libc_a-fflush.o)
 .data          0x00000000240004ac        0x0 C:/ST/STM32CubeIDE_1.13.2/STM32CubeIDE/plugins/com.st.stm32cube.ide.mcu.externaltools.gnu-tools-for-stm32.11.3.rel1.win32_1.1.1.202309131626/tools/bin/../lib/gcc/arm-none-eabi/11.3.1/../../../../arm-none-eabi/lib/thumb/v7e-m+dp/hard\libc_nano.a(libc_a-sbrkr.o)
 .data          0x00000000240004ac        0x0 C:/ST/STM32CubeIDE_1.13.2/STM32CubeIDE/plugins/com.st.stm32cube.ide.mcu.externaltools.gnu-tools-for-stm32.11.3.rel1.win32_1.1.1.202309131626/tools/bin/../lib/gcc/arm-none-eabi/11.3.1/thumb/v7e-m+dp/hard/crtend.o
 .data          0x00000000240004ac        0x0 C:/ST/STM32CubeIDE_1.13.2/STM32CubeIDE/plugins/com.st.stm32cube.ide.mcu.externaltools.gnu-tools-for-stm32.11.3.rel1.win32_1.1.1.202309131626/tools/bin/../lib/gcc/arm-none-eabi/11.3.1/thumb/v7e-m+dp/hard/crtn.o
 *(.data*)
 .data.environ  0x00000000240004ac        0x4 ./Core/Src/syscalls.o
                0x00000000240004ac                environ
 .data.SystemCoreClock
                0x00000000240004b0        0x4 ./Core/Src/system_stm32h7xx.o
                0x00000000240004b0                SystemCoreClock
 .data.SystemD2Clock
                0x00000000240004b4        0x4 ./Core/Src/system_stm32h7xx.o
                0x00000000240004b4                SystemD2Clock
 .data.uwTickPrio
                0x00000000240004b8        0x4 ./Drivers/STM32H7xx_HAL_Driver/Src/stm32h7xx_hal.o
                0x00000000240004b8                uwTickPrio
 .data.uwTickFreq
                0x00000000240004bc        0x1 ./Drivers/STM32H7xx_HAL_Driver/Src/stm32h7xx_hal.o
                0x00000000240004bc                uwTickFreq
 *fill*         0x00000000240004bd        0x3 
 .data.__sglue  0x00000000240004c0        0xc C:/ST/STM32CubeIDE_1.13.2/STM32CubeIDE/plugins/com.st.stm32cube.ide.mcu.externaltools.gnu-tools-for-stm32.11.3.rel1.win32_1.1.1.202309131626/tools/bin/../lib/gcc/arm-none-eabi/11.3.1/../../../../arm-none-eabi/lib/thumb/v7e-m+dp/hard\libc_nano.a(libc_a-findfp.o)
                0x00000000240004c0                __sglue
 .data._impure_data
                0x00000000240004cc       0x4c C:/ST/STM32CubeIDE_1.13.2/STM32CubeIDE/plugins/com.st.stm32cube.ide.mcu.externaltools.gnu-tools-for-stm32.11.3.rel1.win32_1.1.1.202309131626/tools/bin/../lib/gcc/arm-none-eabi/11.3.1/../../../../arm-none-eabi/lib/thumb/v7e-m+dp/hard\libc_nano.a(libc_a-impure.o)
                0x00000000240004cc                _impure_data
 .data._impure_ptr
                0x0000000024000518        0x4 C:/ST/STM32CubeIDE_1.13.2/STM32CubeIDE/plugins/com.st.stm32cube.ide.mcu.externaltools.gnu-tools-for-stm32.11.3.rel1.win32_1.1.1.202309131626/tools/bin/../lib/gcc/arm-none-eabi/11.3.1/../../../../arm-none-eabi/lib/thumb/v7e-m+dp/hard\libc_nano.a(libc_a-impure.o)
                0x0000000024000518                _impure_ptr
                0x000000002400051c                . = ALIGN (0x4)
                0x000000002400051c                _edata = .

.igot.plt       0x000000002400051c        0x0
 .igot.plt      0x000000002400051c        0x0 C:/ST/STM32CubeIDE_1.13.2/STM32CubeIDE/plugins/com.st.stm32cube.ide.mcu.externaltools.gnu-tools-for-stm32.11.3.rel1.win32_1.1.1.202309131626/tools/bin/../lib/gcc/arm-none-eabi/11.3.1/thumb/v7e-m+dp/hard/crtbegin.o
                0x000000002400051c                . = ALIGN (0x4)

.bss            0x000000002400051c     0x11e4
                0x000000002400051c                _sbss = .
                0x000000002400051c                __bss_start__ = _sbss
 *(.bss)
 .bss           0x000000002400051c        0x0 C:/ST/STM32CubeIDE_1.13.2/STM32CubeIDE/plugins/com.st.stm32cube.ide.mcu.externaltools.gnu-tools-for-stm32.11.3.rel1.win32_1.1.1.202309131626/tools/bin/../lib/gcc/arm-none-eabi/11.3.1/thumb/v7e-m+dp/hard/crti.o
 .bss           0x000000002400051c       0x1c C:/ST/STM32CubeIDE_1.13.2/STM32CubeIDE/plugins/com.st.stm32cube.ide.mcu.externaltools.gnu-tools-for-stm32.11.3.rel1.win32_1.1.1.202309131626/tools/bin/../lib/gcc/arm-none-eabi/11.3.1/thumb/v7e-m+dp/hard/crtbegin.o
 .bss           0x0000000024000538        0x0 C:/ST/STM32CubeIDE_1.13.2/STM32CubeIDE/plugins/com.st.stm32cube.ide.mcu.externaltools.gnu-tools-for-stm32.11.3.rel1.win32_1.1.1.202309131626/tools/bin/../lib/gcc/arm-none-eabi/11.3.1/../../../../arm-none-eabi/lib/thumb/v7e-m+dp/hard/crt0.o
 .bss           0x0000000024000538        0x0 ./Core/Src/Dev_Inf.o
 .bss           0x0000000024000538        0x0 ./Core/Src/Loader_Src.o
 .bss           0x0000000024000538        0x0 ./Core/Src/gpio.o
 .bss           0x0000000024000538        0x0 ./Core/Src/main.o
 .bss           0x0000000024000538        0x0 ./Core/Src/quadspi.o
 .bss           0x0000000024000538        0x0 ./Core/Src/stm32h7xx_hal_msp.o
 .bss           0x0000000024000538        0x0 ./Core/Src/stm32h7xx_it.o
 .bss           0x0000000024000538        0x0 ./Core/Src/syscalls.o
 .bss           0x0000000024000538        0x0 ./Core/Src/sysmem.o
 .bss           0x0000000024000538        0x0 ./Core/Src/system_stm32h7xx.o
 .bss           0x0000000024000538        0x0 ./Core/Startup/startup_stm32h743igtx.o
 .bss           0x0000000024000538        0x0 ./Drivers/STM32H7xx_HAL_Driver/Src/stm32h7xx_hal.o
 .bss           0x0000000024000538        0x0 ./Drivers/STM32H7xx_HAL_Driver/Src/stm32h7xx_hal_cortex.o
 .bss           0x0000000024000538        0x0 ./Drivers/STM32H7xx_HAL_Driver/Src/stm32h7xx_hal_dma.o
 .bss           0x0000000024000538        0x0 ./Drivers/STM32H7xx_HAL_Driver/Src/stm32h7xx_hal_dma_ex.o
 .bss           0x0000000024000538        0x0 ./Drivers/STM32H7xx_HAL_Driver/Src/stm32h7xx_hal_exti.o
 .bss           0x0000000024000538        0x0 ./Drivers/STM32H7xx_HAL_Driver/Src/stm32h7xx_hal_flash.o
 .bss           0x0000000024000538        0x0 ./Drivers/STM32H7xx_HAL_Driver/Src/stm32h7xx_hal_flash_ex.o
 .bss           0x0000000024000538        0x0 ./Drivers/STM32H7xx_HAL_Driver/Src/stm32h7xx_hal_gpio.o
 .bss           0x0000000024000538        0x0 ./Drivers/STM32H7xx_HAL_Driver/Src/stm32h7xx_hal_hsem.o
 .bss           0x0000000024000538        0x0 ./Drivers/STM32H7xx_HAL_Driver/Src/stm32h7xx_hal_i2c.o
 .bss           0x0000000024000538        0x0 ./Drivers/STM32H7xx_HAL_Driver/Src/stm32h7xx_hal_i2c_ex.o
 .bss           0x0000000024000538        0x0 ./Drivers/STM32H7xx_HAL_Driver/Src/stm32h7xx_hal_mdma.o
 .bss           0x0000000024000538        0x0 ./Drivers/STM32H7xx_HAL_Driver/Src/stm32h7xx_hal_pwr.o
 .bss           0x0000000024000538        0x0 ./Drivers/STM32H7xx_HAL_Driver/Src/stm32h7xx_hal_pwr_ex.o
 .bss           0x0000000024000538        0x0 ./Drivers/STM32H7xx_HAL_Driver/Src/stm32h7xx_hal_qspi.o
 .bss           0x0000000024000538        0x0 ./Drivers/STM32H7xx_HAL_Driver/Src/stm32h7xx_hal_rcc.o
 .bss           0x0000000024000538        0x0 ./Drivers/STM32H7xx_HAL_Driver/Src/stm32h7xx_hal_rcc_ex.o
 .bss           0x0000000024000538        0x0 ./Drivers/STM32H7xx_HAL_Driver/Src/stm32h7xx_hal_tim.o
 .bss           0x0000000024000538        0x0 ./Drivers/STM32H7xx_HAL_Driver/Src/stm32h7xx_hal_tim_ex.o
 .bss           0x0000000024000538        0x0 C:/ST/STM32CubeIDE_1.13.2/STM32CubeIDE/plugins/com.st.stm32cube.ide.mcu.externaltools.gnu-tools-for-stm32.11.3.rel1.win32_1.1.1.202309131626/tools/bin/../lib/gcc/arm-none-eabi/11.3.1/../../../../arm-none-eabi/lib/thumb/v7e-m+dp/hard\libc_nano.a(libc_a-exit.o)
 .bss           0x0000000024000538        0x0 C:/ST/STM32CubeIDE_1.13.2/STM32CubeIDE/plugins/com.st.stm32cube.ide.mcu.externaltools.gnu-tools-for-stm32.11.3.rel1.win32_1.1.1.202309131626/tools/bin/../lib/gcc/arm-none-eabi/11.3.1/../../../../arm-none-eabi/lib/thumb/v7e-m+dp/hard\libc_nano.a(libc_a-findfp.o)
 .bss           0x0000000024000538        0x0 C:/ST/STM32CubeIDE_1.13.2/STM32CubeIDE/plugins/com.st.stm32cube.ide.mcu.externaltools.gnu-tools-for-stm32.11.3.rel1.win32_1.1.1.202309131626/tools/bin/../lib/gcc/arm-none-eabi/11.3.1/../../../../arm-none-eabi/lib/thumb/v7e-m+dp/hard\libc_nano.a(libc_a-fwalk.o)
 .bss           0x0000000024000538        0x0 C:/ST/STM32CubeIDE_1.13.2/STM32CubeIDE/plugins/com.st.stm32cube.ide.mcu.externaltools.gnu-tools-for-stm32.11.3.rel1.win32_1.1.1.202309131626/tools/bin/../lib/gcc/arm-none-eabi/11.3.1/../../../../arm-none-eabi/lib/thumb/v7e-m+dp/hard\libc_nano.a(libc_a-stdio.o)
 .bss           0x0000000024000538        0x0 C:/ST/STM32CubeIDE_1.13.2/STM32CubeIDE/plugins/com.st.stm32cube.ide.mcu.externaltools.gnu-tools-for-stm32.11.3.rel1.win32_1.1.1.202309131626/tools/bin/../lib/gcc/arm-none-eabi/11.3.1/../../../../arm-none-eabi/lib/thumb/v7e-m+dp/hard\libc_nano.a(libc_a-memcmp.o)
 .bss           0x0000000024000538        0x0 C:/ST/STM32CubeIDE_1.13.2/STM32CubeIDE/plugins/com.st.stm32cube.ide.mcu.externaltools.gnu-tools-for-stm32.11.3.rel1.win32_1.1.1.202309131626/tools/bin/../lib/gcc/arm-none-eabi/11.3.1/../../../../arm-none-eabi/lib/thumb/v7e-m+dp/hard\libc_nano.a(libc_a-memset.o)
 .bss           0x0000000024000538        0x0 C:/ST/STM32CubeIDE_1.13.2/STM32CubeIDE/plugins/com.st.stm32cube.ide.mcu.externaltools.gnu-tools-for-stm32.11.3.rel1.win32_1.1.1.202309131626/tools/bin/../lib/gcc/arm-none-eabi/11.3.1/../../../../arm-none-eabi/lib/thumb/v7e-m+dp/hard\libc_nano.a(libc_a-closer.o)
 .bss           0x0000000024000538        0x0 C:/ST/STM32CubeIDE_1.13.2/STM32CubeIDE/plugins/com.st.stm32cube.ide.mcu.externaltools.gnu-tools-for-stm32.11.3.rel1.win32_1.1.1.202309131626/tools/bin/../lib/gcc/arm-none-eabi/11.3.1/../../../../arm-none-eabi/lib/thumb/v7e-m+dp/hard\libc_nano.a(libc_a-reent.o)
 .bss           0x0000000024000538        0x0 C:/ST/STM32CubeIDE_1.13.2/STM32CubeIDE/plugins/com.st.stm32cube.ide.mcu.externaltools.gnu-tools-for-stm32.11.3.rel1.win32_1.1.1.202309131626/tools/bin/../lib/gcc/arm-none-eabi/11.3.1/../../../../arm-none-eabi/lib/thumb/v7e-m+dp/hard\libc_nano.a(libc_a-impure.o)
 .bss           0x0000000024000538        0x0 C:/ST/STM32CubeIDE_1.13.2/STM32CubeIDE/plugins/com.st.stm32cube.ide.mcu.externaltools.gnu-tools-for-stm32.11.3.rel1.win32_1.1.1.202309131626/tools/bin/../lib/gcc/arm-none-eabi/11.3.1/../../../../arm-none-eabi/lib/thumb/v7e-m+dp/hard\libc_nano.a(libc_a-lseekr.o)
 .bss           0x0000000024000538        0x0 C:/ST/STM32CubeIDE_1.13.2/STM32CubeIDE/plugins/com.st.stm32cube.ide.mcu.externaltools.gnu-tools-for-stm32.11.3.rel1.win32_1.1.1.202309131626/tools/bin/../lib/gcc/arm-none-eabi/11.3.1/../../../../arm-none-eabi/lib/thumb/v7e-m+dp/hard\libc_nano.a(libc_a-readr.o)
 .bss           0x0000000024000538        0x0 C:/ST/STM32CubeIDE_1.13.2/STM32CubeIDE/plugins/com.st.stm32cube.ide.mcu.externaltools.gnu-tools-for-stm32.11.3.rel1.win32_1.1.1.202309131626/tools/bin/../lib/gcc/arm-none-eabi/11.3.1/../../../../arm-none-eabi/lib/thumb/v7e-m+dp/hard\libc_nano.a(libc_a-writer.o)
 .bss           0x0000000024000538        0x0 C:/ST/STM32CubeIDE_1.13.2/STM32CubeIDE/plugins/com.st.stm32cube.ide.mcu.externaltools.gnu-tools-for-stm32.11.3.rel1.win32_1.1.1.202309131626/tools/bin/../lib/gcc/arm-none-eabi/11.3.1/../../../../arm-none-eabi/lib/thumb/v7e-m+dp/hard\libc_nano.a(libc_a-errno.o)
 .bss           0x0000000024000538        0x0 C:/ST/STM32CubeIDE_1.13.2/STM32CubeIDE/plugins/com.st.stm32cube.ide.mcu.externaltools.gnu-tools-for-stm32.11.3.rel1.win32_1.1.1.202309131626/tools/bin/../lib/gcc/arm-none-eabi/11.3.1/../../../../arm-none-eabi/lib/thumb/v7e-m+dp/hard\libc_nano.a(libc_a-init.o)
 .bss           0x0000000024000538        0x0 C:/ST/STM32CubeIDE_1.13.2/STM32CubeIDE/plugins/com.st.stm32cube.ide.mcu.externaltools.gnu-tools-for-stm32.11.3.rel1.win32_1.1.1.202309131626/tools/bin/../lib/gcc/arm-none-eabi/11.3.1/../../../../arm-none-eabi/lib/thumb/v7e-m+dp/hard\libc_nano.a(libc_a-lock.o)
 .bss           0x0000000024000538        0x0 C:/ST/STM32CubeIDE_1.13.2/STM32CubeIDE/plugins/com.st.stm32cube.ide.mcu.externaltools.gnu-tools-for-stm32.11.3.rel1.win32_1.1.1.202309131626/tools/bin/../lib/gcc/arm-none-eabi/11.3.1/../../../../arm-none-eabi/lib/thumb/v7e-m+dp/hard\libc_nano.a(libc_a-freer.o)
 .bss           0x0000000024000538        0x0 C:/ST/STM32CubeIDE_1.13.2/STM32CubeIDE/plugins/com.st.stm32cube.ide.mcu.externaltools.gnu-tools-for-stm32.11.3.rel1.win32_1.1.1.202309131626/tools/bin/../lib/gcc/arm-none-eabi/11.3.1/../../../../arm-none-eabi/lib/thumb/v7e-m+dp/hard\libc_nano.a(libc_a-mallocr.o)
 .bss           0x0000000024000538        0x0 C:/ST/STM32CubeIDE_1.13.2/STM32CubeIDE/plugins/com.st.stm32cube.ide.mcu.externaltools.gnu-tools-for-stm32.11.3.rel1.win32_1.1.1.202309131626/tools/bin/../lib/gcc/arm-none-eabi/11.3.1/../../../../arm-none-eabi/lib/thumb/v7e-m+dp/hard\libc_nano.a(libc_a-mlock.o)
 .bss           0x0000000024000538        0x0 C:/ST/STM32CubeIDE_1.13.2/STM32CubeIDE/plugins/com.st.stm32cube.ide.mcu.externaltools.gnu-tools-for-stm32.11.3.rel1.win32_1.1.1.202309131626/tools/bin/../lib/gcc/arm-none-eabi/11.3.1/../../../../arm-none-eabi/lib/thumb/v7e-m+dp/hard\libc_nano.a(libc_a-fflush.o)
 .bss           0x0000000024000538        0x0 C:/ST/STM32CubeIDE_1.13.2/STM32CubeIDE/plugins/com.st.stm32cube.ide.mcu.externaltools.gnu-tools-for-stm32.11.3.rel1.win32_1.1.1.202309131626/tools/bin/../lib/gcc/arm-none-eabi/11.3.1/../../../../arm-none-eabi/lib/thumb/v7e-m+dp/hard\libc_nano.a(libc_a-sbrkr.o)
 .bss           0x0000000024000538        0x0 C:/ST/STM32CubeIDE_1.13.2/STM32CubeIDE/plugins/com.st.stm32cube.ide.mcu.externaltools.gnu-tools-for-stm32.11.3.rel1.win32_1.1.1.202309131626/tools/bin/../lib/gcc/arm-none-eabi/11.3.1/thumb/v7e-m+dp/hard/crtend.o
 .bss           0x0000000024000538        0x0 C:/ST/STM32CubeIDE_1.13.2/STM32CubeIDE/plugins/com.st.stm32cube.ide.mcu.externaltools.gnu-tools-for-stm32.11.3.rel1.win32_1.1.1.202309131626/tools/bin/../lib/gcc/arm-none-eabi/11.3.1/thumb/v7e-m+dp/hard/crtn.o
 *(.bss*)
 .bss.buffer_test
                0x0000000024000538     0x1000 ./Core/Src/main.o
                0x0000000024000538                buffer_test
 .bss.var       0x0000000024001538        0x4 ./Core/Src/main.o
                0x0000000024001538                var
 .bss.hqspi     0x000000002400153c       0x4c ./Core/Src/quadspi.o
                0x000000002400153c                hqspi
 .bss.__env     0x0000000024001588        0x4 ./Core/Src/syscalls.o
                0x0000000024001588                __env
 .bss.__sbrk_heap_end
                0x000000002400158c        0x4 ./Core/Src/sysmem.o
 .bss.uwTick    0x0000000024001590        0x4 ./Drivers/STM32H7xx_HAL_Driver/Src/stm32h7xx_hal.o
                0x0000000024001590                uwTick
 .bss.pFlash    0x0000000024001594       0x1c ./Drivers/STM32H7xx_HAL_Driver/Src/stm32h7xx_hal_flash.o
                0x0000000024001594                pFlash
 .bss.__sf      0x00000000240015b0      0x138 C:/ST/STM32CubeIDE_1.13.2/STM32CubeIDE/plugins/com.st.stm32cube.ide.mcu.externaltools.gnu-tools-for-stm32.11.3.rel1.win32_1.1.1.202309131626/tools/bin/../lib/gcc/arm-none-eabi/11.3.1/../../../../arm-none-eabi/lib/thumb/v7e-m+dp/hard\libc_nano.a(libc_a-findfp.o)
                0x00000000240015b0                __sf
 .bss.__stdio_exit_handler
                0x00000000240016e8        0x4 C:/ST/STM32CubeIDE_1.13.2/STM32CubeIDE/plugins/com.st.stm32cube.ide.mcu.externaltools.gnu-tools-for-stm32.11.3.rel1.win32_1.1.1.202309131626/tools/bin/../lib/gcc/arm-none-eabi/11.3.1/../../../../arm-none-eabi/lib/thumb/v7e-m+dp/hard\libc_nano.a(libc_a-findfp.o)
                0x00000000240016e8                __stdio_exit_handler
 .bss.errno     0x00000000240016ec        0x4 C:/ST/STM32CubeIDE_1.13.2/STM32CubeIDE/plugins/com.st.stm32cube.ide.mcu.externaltools.gnu-tools-for-stm32.11.3.rel1.win32_1.1.1.202309131626/tools/bin/../lib/gcc/arm-none-eabi/11.3.1/../../../../arm-none-eabi/lib/thumb/v7e-m+dp/hard\libc_nano.a(libc_a-reent.o)
                0x00000000240016ec                errno
 .bss.__lock___arc4random_mutex
                0x00000000240016f0        0x1 C:/ST/STM32CubeIDE_1.13.2/STM32CubeIDE/plugins/com.st.stm32cube.ide.mcu.externaltools.gnu-tools-for-stm32.11.3.rel1.win32_1.1.1.202309131626/tools/bin/../lib/gcc/arm-none-eabi/11.3.1/../../../../arm-none-eabi/lib/thumb/v7e-m+dp/hard\libc_nano.a(libc_a-lock.o)
                0x00000000240016f0                __lock___arc4random_mutex
 .bss.__lock___at_quick_exit_mutex
                0x00000000240016f1        0x1 C:/ST/STM32CubeIDE_1.13.2/STM32CubeIDE/plugins/com.st.stm32cube.ide.mcu.externaltools.gnu-tools-for-stm32.11.3.rel1.win32_1.1.1.202309131626/tools/bin/../lib/gcc/arm-none-eabi/11.3.1/../../../../arm-none-eabi/lib/thumb/v7e-m+dp/hard\libc_nano.a(libc_a-lock.o)
                0x00000000240016f1                __lock___at_quick_exit_mutex
 .bss.__lock___atexit_recursive_mutex
                0x00000000240016f2        0x1 C:/ST/STM32CubeIDE_1.13.2/STM32CubeIDE/plugins/com.st.stm32cube.ide.mcu.externaltools.gnu-tools-for-stm32.11.3.rel1.win32_1.1.1.202309131626/tools/bin/../lib/gcc/arm-none-eabi/11.3.1/../../../../arm-none-eabi/lib/thumb/v7e-m+dp/hard\libc_nano.a(libc_a-lock.o)
                0x00000000240016f2                __lock___atexit_recursive_mutex
 .bss.__lock___dd_hash_mutex
                0x00000000240016f3        0x1 C:/ST/STM32CubeIDE_1.13.2/STM32CubeIDE/plugins/com.st.stm32cube.ide.mcu.externaltools.gnu-tools-for-stm32.11.3.rel1.win32_1.1.1.202309131626/tools/bin/../lib/gcc/arm-none-eabi/11.3.1/../../../../arm-none-eabi/lib/thumb/v7e-m+dp/hard\libc_nano.a(libc_a-lock.o)
                0x00000000240016f3                __lock___dd_hash_mutex
 .bss.__lock___env_recursive_mutex
                0x00000000240016f4        0x1 C:/ST/STM32CubeIDE_1.13.2/STM32CubeIDE/plugins/com.st.stm32cube.ide.mcu.externaltools.gnu-tools-for-stm32.11.3.rel1.win32_1.1.1.202309131626/tools/bin/../lib/gcc/arm-none-eabi/11.3.1/../../../../arm-none-eabi/lib/thumb/v7e-m+dp/hard\libc_nano.a(libc_a-lock.o)
                0x00000000240016f4                __lock___env_recursive_mutex
 .bss.__lock___malloc_recursive_mutex
                0x00000000240016f5        0x1 C:/ST/STM32CubeIDE_1.13.2/STM32CubeIDE/plugins/com.st.stm32cube.ide.mcu.externaltools.gnu-tools-for-stm32.11.3.rel1.win32_1.1.1.202309131626/tools/bin/../lib/gcc/arm-none-eabi/11.3.1/../../../../arm-none-eabi/lib/thumb/v7e-m+dp/hard\libc_nano.a(libc_a-lock.o)
                0x00000000240016f5                __lock___malloc_recursive_mutex
 .bss.__lock___sfp_recursive_mutex
                0x00000000240016f6        0x1 C:/ST/STM32CubeIDE_1.13.2/STM32CubeIDE/plugins/com.st.stm32cube.ide.mcu.externaltools.gnu-tools-for-stm32.11.3.rel1.win32_1.1.1.202309131626/tools/bin/../lib/gcc/arm-none-eabi/11.3.1/../../../../arm-none-eabi/lib/thumb/v7e-m+dp/hard\libc_nano.a(libc_a-lock.o)
                0x00000000240016f6                __lock___sfp_recursive_mutex
 .bss.__lock___tz_mutex
                0x00000000240016f7        0x1 C:/ST/STM32CubeIDE_1.13.2/STM32CubeIDE/plugins/com.st.stm32cube.ide.mcu.externaltools.gnu-tools-for-stm32.11.3.rel1.win32_1.1.1.202309131626/tools/bin/../lib/gcc/arm-none-eabi/11.3.1/../../../../arm-none-eabi/lib/thumb/v7e-m+dp/hard\libc_nano.a(libc_a-lock.o)
                0x00000000240016f7                __lock___tz_mutex
 .bss.__malloc_free_list
                0x00000000240016f8        0x4 C:/ST/STM32CubeIDE_1.13.2/STM32CubeIDE/plugins/com.st.stm32cube.ide.mcu.externaltools.gnu-tools-for-stm32.11.3.rel1.win32_1.1.1.202309131626/tools/bin/../lib/gcc/arm-none-eabi/11.3.1/../../../../arm-none-eabi/lib/thumb/v7e-m+dp/hard\libc_nano.a(libc_a-mallocr.o)
                0x00000000240016f8                __malloc_free_list
 .bss.__malloc_sbrk_start
                0x00000000240016fc        0x4 C:/ST/STM32CubeIDE_1.13.2/STM32CubeIDE/plugins/com.st.stm32cube.ide.mcu.externaltools.gnu-tools-for-stm32.11.3.rel1.win32_1.1.1.202309131626/tools/bin/../lib/gcc/arm-none-eabi/11.3.1/../../../../arm-none-eabi/lib/thumb/v7e-m+dp/hard\libc_nano.a(libc_a-mallocr.o)
                0x00000000240016fc                __malloc_sbrk_start
 *(COMMON)
                0x0000000024001700                . = ALIGN (0x4)
                0x0000000024001700                _ebss = .
                0x0000000024001700                __bss_end__ = _ebss

.text           0x0000000024001700    0x182c0
                0x0000000024001700                . = ALIGN (0x4)
 *(.text)
 .text          0x0000000024001700        0x0 C:/ST/STM32CubeIDE_1.13.2/STM32CubeIDE/plugins/com.st.stm32cube.ide.mcu.externaltools.gnu-tools-for-stm32.11.3.rel1.win32_1.1.1.202309131626/tools/bin/../lib/gcc/arm-none-eabi/11.3.1/thumb/v7e-m+dp/hard/crti.o
 .text          0x0000000024001700       0x40 C:/ST/STM32CubeIDE_1.13.2/STM32CubeIDE/plugins/com.st.stm32cube.ide.mcu.externaltools.gnu-tools-for-stm32.11.3.rel1.win32_1.1.1.202309131626/tools/bin/../lib/gcc/arm-none-eabi/11.3.1/thumb/v7e-m+dp/hard/crtbegin.o
 .text          0x0000000024001740       0x7c C:/ST/STM32CubeIDE_1.13.2/STM32CubeIDE/plugins/com.st.stm32cube.ide.mcu.externaltools.gnu-tools-for-stm32.11.3.rel1.win32_1.1.1.202309131626/tools/bin/../lib/gcc/arm-none-eabi/11.3.1/../../../../arm-none-eabi/lib/thumb/v7e-m+dp/hard/crt0.o
                0x0000000024001740                _stack_init
                0x0000000024001748                _start
                0x0000000024001748                _mainCRTStartup
 .text          0x00000000240017bc        0x0 ./Core/Src/Dev_Inf.o
 .text          0x00000000240017bc        0x0 ./Core/Src/Loader_Src.o
 .text          0x00000000240017bc        0x0 ./Core/Src/gpio.o
 .text          0x00000000240017bc        0x0 ./Core/Src/main.o
 .text          0x00000000240017bc        0x0 ./Core/Src/quadspi.o
 .text          0x00000000240017bc        0x0 ./Core/Src/stm32h7xx_hal_msp.o
 .text          0x00000000240017bc        0x0 ./Core/Src/stm32h7xx_it.o
 .text          0x00000000240017bc        0x0 ./Core/Src/syscalls.o
 .text          0x00000000240017bc        0x0 ./Core/Src/sysmem.o
 .text          0x00000000240017bc        0x0 ./Core/Src/system_stm32h7xx.o
 .text          0x00000000240017bc       0x14 ./Core/Startup/startup_stm32h743igtx.o
 .text          0x00000000240017d0        0x0 ./Drivers/STM32H7xx_HAL_Driver/Src/stm32h7xx_hal.o
 .text          0x00000000240017d0        0x0 ./Drivers/STM32H7xx_HAL_Driver/Src/stm32h7xx_hal_cortex.o
 .text          0x00000000240017d0        0x0 ./Drivers/STM32H7xx_HAL_Driver/Src/stm32h7xx_hal_dma.o
 .text          0x00000000240017d0        0x0 ./Drivers/STM32H7xx_HAL_Driver/Src/stm32h7xx_hal_dma_ex.o
 .text          0x00000000240017d0        0x0 ./Drivers/STM32H7xx_HAL_Driver/Src/stm32h7xx_hal_exti.o
 .text          0x00000000240017d0        0x0 ./Drivers/STM32H7xx_HAL_Driver/Src/stm32h7xx_hal_flash.o
 .text          0x00000000240017d0        0x0 ./Drivers/STM32H7xx_HAL_Driver/Src/stm32h7xx_hal_flash_ex.o
 .text          0x00000000240017d0        0x0 ./Drivers/STM32H7xx_HAL_Driver/Src/stm32h7xx_hal_gpio.o
 .text          0x00000000240017d0        0x0 ./Drivers/STM32H7xx_HAL_Driver/Src/stm32h7xx_hal_hsem.o
 .text          0x00000000240017d0        0x0 ./Drivers/STM32H7xx_HAL_Driver/Src/stm32h7xx_hal_i2c.o
 .text          0x00000000240017d0        0x0 ./Drivers/STM32H7xx_HAL_Driver/Src/stm32h7xx_hal_i2c_ex.o
 .text          0x00000000240017d0        0x0 ./Drivers/STM32H7xx_HAL_Driver/Src/stm32h7xx_hal_mdma.o
 .text          0x00000000240017d0        0x0 ./Drivers/STM32H7xx_HAL_Driver/Src/stm32h7xx_hal_pwr.o
 .text          0x00000000240017d0        0x0 ./Drivers/STM32H7xx_HAL_Driver/Src/stm32h7xx_hal_pwr_ex.o
 .text          0x00000000240017d0        0x0 ./Drivers/STM32H7xx_HAL_Driver/Src/stm32h7xx_hal_qspi.o
 .text          0x00000000240017d0        0x0 ./Drivers/STM32H7xx_HAL_Driver/Src/stm32h7xx_hal_rcc.o
 .text          0x00000000240017d0        0x0 ./Drivers/STM32H7xx_HAL_Driver/Src/stm32h7xx_hal_rcc_ex.o
 .text          0x00000000240017d0        0x0 ./Drivers/STM32H7xx_HAL_Driver/Src/stm32h7xx_hal_tim.o
 .text          0x00000000240017d0        0x0 ./Drivers/STM32H7xx_HAL_Driver/Src/stm32h7xx_hal_tim_ex.o
 .text          0x00000000240017d0        0x0 C:/ST/STM32CubeIDE_1.13.2/STM32CubeIDE/plugins/com.st.stm32cube.ide.mcu.externaltools.gnu-tools-for-stm32.11.3.rel1.win32_1.1.1.202309131626/tools/bin/../lib/gcc/arm-none-eabi/11.3.1/../../../../arm-none-eabi/lib/thumb/v7e-m+dp/hard\libc_nano.a(libc_a-exit.o)
 .text          0x00000000240017d0        0x0 C:/ST/STM32CubeIDE_1.13.2/STM32CubeIDE/plugins/com.st.stm32cube.ide.mcu.externaltools.gnu-tools-for-stm32.11.3.rel1.win32_1.1.1.202309131626/tools/bin/../lib/gcc/arm-none-eabi/11.3.1/../../../../arm-none-eabi/lib/thumb/v7e-m+dp/hard\libc_nano.a(libc_a-findfp.o)
 .text          0x00000000240017d0        0x0 C:/ST/STM32CubeIDE_1.13.2/STM32CubeIDE/plugins/com.st.stm32cube.ide.mcu.externaltools.gnu-tools-for-stm32.11.3.rel1.win32_1.1.1.202309131626/tools/bin/../lib/gcc/arm-none-eabi/11.3.1/../../../../arm-none-eabi/lib/thumb/v7e-m+dp/hard\libc_nano.a(libc_a-fwalk.o)
 .text          0x00000000240017d0        0x0 C:/ST/STM32CubeIDE_1.13.2/STM32CubeIDE/plugins/com.st.stm32cube.ide.mcu.externaltools.gnu-tools-for-stm32.11.3.rel1.win32_1.1.1.202309131626/tools/bin/../lib/gcc/arm-none-eabi/11.3.1/../../../../arm-none-eabi/lib/thumb/v7e-m+dp/hard\libc_nano.a(libc_a-stdio.o)
 .text          0x00000000240017d0        0x0 C:/ST/STM32CubeIDE_1.13.2/STM32CubeIDE/plugins/com.st.stm32cube.ide.mcu.externaltools.gnu-tools-for-stm32.11.3.rel1.win32_1.1.1.202309131626/tools/bin/../lib/gcc/arm-none-eabi/11.3.1/../../../../arm-none-eabi/lib/thumb/v7e-m+dp/hard\libc_nano.a(libc_a-memcmp.o)
 .text          0x00000000240017d0        0x0 C:/ST/STM32CubeIDE_1.13.2/STM32CubeIDE/plugins/com.st.stm32cube.ide.mcu.externaltools.gnu-tools-for-stm32.11.3.rel1.win32_1.1.1.202309131626/tools/bin/../lib/gcc/arm-none-eabi/11.3.1/../../../../arm-none-eabi/lib/thumb/v7e-m+dp/hard\libc_nano.a(libc_a-memset.o)
 .text          0x00000000240017d0        0x0 C:/ST/STM32CubeIDE_1.13.2/STM32CubeIDE/plugins/com.st.stm32cube.ide.mcu.externaltools.gnu-tools-for-stm32.11.3.rel1.win32_1.1.1.202309131626/tools/bin/../lib/gcc/arm-none-eabi/11.3.1/../../../../arm-none-eabi/lib/thumb/v7e-m+dp/hard\libc_nano.a(libc_a-closer.o)
 .text          0x00000000240017d0        0x0 C:/ST/STM32CubeIDE_1.13.2/STM32CubeIDE/plugins/com.st.stm32cube.ide.mcu.externaltools.gnu-tools-for-stm32.11.3.rel1.win32_1.1.1.202309131626/tools/bin/../lib/gcc/arm-none-eabi/11.3.1/../../../../arm-none-eabi/lib/thumb/v7e-m+dp/hard\libc_nano.a(libc_a-reent.o)
 .text          0x00000000240017d0        0x0 C:/ST/STM32CubeIDE_1.13.2/STM32CubeIDE/plugins/com.st.stm32cube.ide.mcu.externaltools.gnu-tools-for-stm32.11.3.rel1.win32_1.1.1.202309131626/tools/bin/../lib/gcc/arm-none-eabi/11.3.1/../../../../arm-none-eabi/lib/thumb/v7e-m+dp/hard\libc_nano.a(libc_a-impure.o)
 .text          0x00000000240017d0        0x0 C:/ST/STM32CubeIDE_1.13.2/STM32CubeIDE/plugins/com.st.stm32cube.ide.mcu.externaltools.gnu-tools-for-stm32.11.3.rel1.win32_1.1.1.202309131626/tools/bin/../lib/gcc/arm-none-eabi/11.3.1/../../../../arm-none-eabi/lib/thumb/v7e-m+dp/hard\libc_nano.a(libc_a-lseekr.o)
 .text          0x00000000240017d0        0x0 C:/ST/STM32CubeIDE_1.13.2/STM32CubeIDE/plugins/com.st.stm32cube.ide.mcu.externaltools.gnu-tools-for-stm32.11.3.rel1.win32_1.1.1.202309131626/tools/bin/../lib/gcc/arm-none-eabi/11.3.1/../../../../arm-none-eabi/lib/thumb/v7e-m+dp/hard\libc_nano.a(libc_a-readr.o)
 .text          0x00000000240017d0        0x0 C:/ST/STM32CubeIDE_1.13.2/STM32CubeIDE/plugins/com.st.stm32cube.ide.mcu.externaltools.gnu-tools-for-stm32.11.3.rel1.win32_1.1.1.202309131626/tools/bin/../lib/gcc/arm-none-eabi/11.3.1/../../../../arm-none-eabi/lib/thumb/v7e-m+dp/hard\libc_nano.a(libc_a-writer.o)
 .text          0x00000000240017d0        0x0 C:/ST/STM32CubeIDE_1.13.2/STM32CubeIDE/plugins/com.st.stm32cube.ide.mcu.externaltools.gnu-tools-for-stm32.11.3.rel1.win32_1.1.1.202309131626/tools/bin/../lib/gcc/arm-none-eabi/11.3.1/../../../../arm-none-eabi/lib/thumb/v7e-m+dp/hard\libc_nano.a(libc_a-errno.o)
 .text          0x00000000240017d0        0x0 C:/ST/STM32CubeIDE_1.13.2/STM32CubeIDE/plugins/com.st.stm32cube.ide.mcu.externaltools.gnu-tools-for-stm32.11.3.rel1.win32_1.1.1.202309131626/tools/bin/../lib/gcc/arm-none-eabi/11.3.1/../../../../arm-none-eabi/lib/thumb/v7e-m+dp/hard\libc_nano.a(libc_a-init.o)
 .text          0x00000000240017d0        0x0 C:/ST/STM32CubeIDE_1.13.2/STM32CubeIDE/plugins/com.st.stm32cube.ide.mcu.externaltools.gnu-tools-for-stm32.11.3.rel1.win32_1.1.1.202309131626/tools/bin/../lib/gcc/arm-none-eabi/11.3.1/../../../../arm-none-eabi/lib/thumb/v7e-m+dp/hard\libc_nano.a(libc_a-lock.o)
 .text          0x00000000240017d0        0x0 C:/ST/STM32CubeIDE_1.13.2/STM32CubeIDE/plugins/com.st.stm32cube.ide.mcu.externaltools.gnu-tools-for-stm32.11.3.rel1.win32_1.1.1.202309131626/tools/bin/../lib/gcc/arm-none-eabi/11.3.1/../../../../arm-none-eabi/lib/thumb/v7e-m+dp/hard\libc_nano.a(libc_a-freer.o)
 .text          0x00000000240017d0        0x0 C:/ST/STM32CubeIDE_1.13.2/STM32CubeIDE/plugins/com.st.stm32cube.ide.mcu.externaltools.gnu-tools-for-stm32.11.3.rel1.win32_1.1.1.202309131626/tools/bin/../lib/gcc/arm-none-eabi/11.3.1/../../../../arm-none-eabi/lib/thumb/v7e-m+dp/hard\libc_nano.a(libc_a-mallocr.o)
 .text          0x00000000240017d0        0x0 C:/ST/STM32CubeIDE_1.13.2/STM32CubeIDE/plugins/com.st.stm32cube.ide.mcu.externaltools.gnu-tools-for-stm32.11.3.rel1.win32_1.1.1.202309131626/tools/bin/../lib/gcc/arm-none-eabi/11.3.1/../../../../arm-none-eabi/lib/thumb/v7e-m+dp/hard\libc_nano.a(libc_a-mlock.o)
 .text          0x00000000240017d0        0x0 C:/ST/STM32CubeIDE_1.13.2/STM32CubeIDE/plugins/com.st.stm32cube.ide.mcu.externaltools.gnu-tools-for-stm32.11.3.rel1.win32_1.1.1.202309131626/tools/bin/../lib/gcc/arm-none-eabi/11.3.1/../../../../arm-none-eabi/lib/thumb/v7e-m+dp/hard\libc_nano.a(libc_a-fflush.o)
 .text          0x00000000240017d0        0x0 C:/ST/STM32CubeIDE_1.13.2/STM32CubeIDE/plugins/com.st.stm32cube.ide.mcu.externaltools.gnu-tools-for-stm32.11.3.rel1.win32_1.1.1.202309131626/tools/bin/../lib/gcc/arm-none-eabi/11.3.1/../../../../arm-none-eabi/lib/thumb/v7e-m+dp/hard\libc_nano.a(libc_a-sbrkr.o)
 .text          0x00000000240017d0        0x0 C:/ST/STM32CubeIDE_1.13.2/STM32CubeIDE/plugins/com.st.stm32cube.ide.mcu.externaltools.gnu-tools-for-stm32.11.3.rel1.win32_1.1.1.202309131626/tools/bin/../lib/gcc/arm-none-eabi/11.3.1/thumb/v7e-m+dp/hard/crtend.o
 .text          0x00000000240017d0        0x0 C:/ST/STM32CubeIDE_1.13.2/STM32CubeIDE/plugins/com.st.stm32cube.ide.mcu.externaltools.gnu-tools-for-stm32.11.3.rel1.win32_1.1.1.202309131626/tools/bin/../lib/gcc/arm-none-eabi/11.3.1/thumb/v7e-m+dp/hard/crtn.o
 *(.text*)
 .text.Init     0x00000000240017d0       0xb4 ./Core/Src/Loader_Src.o
                0x00000000240017d0                Init
 .text.Write    0x0000000024001884       0x74 ./Core/Src/Loader_Src.o
                0x0000000024001884                Write
 .text.SectorErase
                0x00000000240018f8       0x6c ./Core/Src/Loader_Src.o
                0x00000000240018f8                SectorErase
 .text.MassErase
                0x0000000024001964       0x64 ./Core/Src/Loader_Src.o
                0x0000000024001964                MassErase
 .text.CheckSum
                0x00000000240019c8      0x1c6 ./Core/Src/Loader_Src.o
                0x00000000240019c8                CheckSum
 .text.Verify   0x0000000024001b8e       0xf6 ./Core/Src/Loader_Src.o
                0x0000000024001b8e                Verify
 .text.MX_GPIO_Init
                0x0000000024001c84       0x54 ./Core/Src/gpio.o
                0x0000000024001c84                MX_GPIO_Init
 .text.main     0x0000000024001cd8       0xe4 ./Core/Src/main.o
                0x0000000024001cd8                main
 .text.SystemClock_Config
                0x0000000024001dbc      0x160 ./Core/Src/main.o
                0x0000000024001dbc                SystemClock_Config
 .text.Error_Handler
                0x0000000024001f1c        0xa ./Core/Src/main.o
                0x0000000024001f1c                Error_Handler
 *fill*         0x0000000024001f26        0x2 
 .text.MX_QUADSPI_Init
                0x0000000024001f28       0x58 ./Core/Src/quadspi.o
                0x0000000024001f28                MX_QUADSPI_Init
 .text.HAL_QSPI_MspInit
                0x0000000024001f80      0x148 ./Core/Src/quadspi.o
                0x0000000024001f80                HAL_QSPI_MspInit
 .text.HAL_QSPI_MspDeInit
                0x00000000240020c8       0x50 ./Core/Src/quadspi.o
                0x00000000240020c8                HAL_QSPI_MspDeInit
 .text.CSP_QUADSPI_Init
                0x0000000024002118       0x6c ./Core/Src/quadspi.o
                0x0000000024002118                CSP_QUADSPI_Init
 .text.CSP_QSPI_Erase_Chip
                0x0000000024002184       0x78 ./Core/Src/quadspi.o
                0x0000000024002184                CSP_QSPI_Erase_Chip
 .text.QSPI_AutoPollingMemReady
                0x00000000240021fc       0x70 ./Core/Src/quadspi.o
 .text.QSPI_WriteEnable
                0x000000002400226c       0x94 ./Core/Src/quadspi.o
 .text.QSPI_Configuration
                0x0000000024002300      0x190 ./Core/Src/quadspi.o
 .text.CSP_QSPI_EraseSector
                0x0000000024002490       0xa4 ./Core/Src/quadspi.o
                0x0000000024002490                CSP_QSPI_EraseSector
 .text.CSP_QSPI_WriteMemory
                0x0000000024002534      0x108 ./Core/Src/quadspi.o
                0x0000000024002534                CSP_QSPI_WriteMemory
 .text.CSP_QSPI_EnableMemoryMappedMode
                0x000000002400263c       0x68 ./Core/Src/quadspi.o
                0x000000002400263c                CSP_QSPI_EnableMemoryMappedMode
 .text.QSPI_ResetChip
                0x00000000240026a4       0xbc ./Core/Src/quadspi.o
 .text.HAL_MspInit
                0x0000000024002760       0x34 ./Core/Src/stm32h7xx_hal_msp.o
                0x0000000024002760                HAL_MspInit
 .text.NMI_Handler
                0x0000000024002794        0x6 ./Core/Src/stm32h7xx_it.o
                0x0000000024002794                NMI_Handler
 .text.HardFault_Handler
                0x000000002400279a        0x6 ./Core/Src/stm32h7xx_it.o
                0x000000002400279a                HardFault_Handler
 .text.MemManage_Handler
                0x00000000240027a0        0x6 ./Core/Src/stm32h7xx_it.o
                0x00000000240027a0                MemManage_Handler
 .text.BusFault_Handler
                0x00000000240027a6        0x6 ./Core/Src/stm32h7xx_it.o
                0x00000000240027a6                BusFault_Handler
 .text.UsageFault_Handler
                0x00000000240027ac        0x6 ./Core/Src/stm32h7xx_it.o
                0x00000000240027ac                UsageFault_Handler
 .text.SVC_Handler
                0x00000000240027b2        0xe ./Core/Src/stm32h7xx_it.o
                0x00000000240027b2                SVC_Handler
 .text.DebugMon_Handler
                0x00000000240027c0        0xe ./Core/Src/stm32h7xx_it.o
                0x00000000240027c0                DebugMon_Handler
 .text.PendSV_Handler
                0x00000000240027ce        0xe ./Core/Src/stm32h7xx_it.o
                0x00000000240027ce                PendSV_Handler
 .text.SysTick_Handler
                0x00000000240027dc        0xc ./Core/Src/stm32h7xx_it.o
                0x00000000240027dc                SysTick_Handler
 .text.initialise_monitor_handles
                0x00000000240027e8        0xe ./Core/Src/syscalls.o
                0x00000000240027e8                initialise_monitor_handles
 .text._getpid  0x00000000240027f6       0x10 ./Core/Src/syscalls.o
                0x00000000240027f6                _getpid
 .text._kill    0x0000000024002806       0x20 ./Core/Src/syscalls.o
                0x0000000024002806                _kill
 .text._exit    0x0000000024002826       0x14 ./Core/Src/syscalls.o
                0x0000000024002826                _exit
 .text._read    0x000000002400283a       0x3a ./Core/Src/syscalls.o
                0x000000002400283a                _read
 .text._write   0x0000000024002874       0x38 ./Core/Src/syscalls.o
                0x0000000024002874                _write
 .text._close   0x00000000240028ac       0x18 ./Core/Src/syscalls.o
                0x00000000240028ac                _close
 .text._fstat   0x00000000240028c4       0x20 ./Core/Src/syscalls.o
                0x00000000240028c4                _fstat
 .text._isatty  0x00000000240028e4       0x16 ./Core/Src/syscalls.o
                0x00000000240028e4                _isatty
 .text._lseek   0x00000000240028fa       0x1a ./Core/Src/syscalls.o
                0x00000000240028fa                _lseek
 .text._open    0x0000000024002914       0x1c ./Core/Src/syscalls.o
                0x0000000024002914                _open
 .text._wait    0x0000000024002930       0x1e ./Core/Src/syscalls.o
                0x0000000024002930                _wait
 .text._unlink  0x000000002400294e       0x1e ./Core/Src/syscalls.o
                0x000000002400294e                _unlink
 .text._times   0x000000002400296c       0x18 ./Core/Src/syscalls.o
                0x000000002400296c                _times
 .text._stat    0x0000000024002984       0x20 ./Core/Src/syscalls.o
                0x0000000024002984                _stat
 .text._link    0x00000000240029a4       0x20 ./Core/Src/syscalls.o
                0x00000000240029a4                _link
 .text._fork    0x00000000240029c4       0x16 ./Core/Src/syscalls.o
                0x00000000240029c4                _fork
 .text._execve  0x00000000240029da       0x22 ./Core/Src/syscalls.o
                0x00000000240029da                _execve
 .text._sbrk    0x00000000240029fc       0x6c ./Core/Src/sysmem.o
                0x00000000240029fc                _sbrk
 .text.SystemInit
                0x0000000024002a68      0x110 ./Core/Src/system_stm32h7xx.o
                0x0000000024002a68                SystemInit
 .text.SystemCoreClockUpdate
                0x0000000024002b78      0x2f4 ./Core/Src/system_stm32h7xx.o
                0x0000000024002b78                SystemCoreClockUpdate
 .text.Reset_Handler
                0x0000000024002e6c       0x50 ./Core/Startup/startup_stm32h743igtx.o
                0x0000000024002e6c                Reset_Handler
 .text.Default_Handler
                0x0000000024002ebc        0x2 ./Core/Startup/startup_stm32h743igtx.o
                0x0000000024002ebc                RTC_Alarm_IRQHandler
                0x0000000024002ebc                EXTI2_IRQHandler
                0x0000000024002ebc                TIM8_CC_IRQHandler
                0x0000000024002ebc                HRTIM1_Master_IRQHandler
                0x0000000024002ebc                UART8_IRQHandler
                0x0000000024002ebc                SPI4_IRQHandler
                0x0000000024002ebc                TIM1_CC_IRQHandler
                0x0000000024002ebc                BDMA_Channel6_IRQHandler
                0x0000000024002ebc                DMA2_Stream5_IRQHandler
                0x0000000024002ebc                HRTIM1_FLT_IRQHandler
                0x0000000024002ebc                JPEG_IRQHandler
                0x0000000024002ebc                DMA1_Stream5_IRQHandler
                0x0000000024002ebc                BDMA_Channel1_IRQHandler
                0x0000000024002ebc                HRTIM1_TIMD_IRQHandler
                0x0000000024002ebc                TAMP_STAMP_IRQHandler
                0x0000000024002ebc                EXTI3_IRQHandler
                0x0000000024002ebc                LPTIM4_IRQHandler
                0x0000000024002ebc                TIM8_TRG_COM_TIM14_IRQHandler
                0x0000000024002ebc                LPTIM2_IRQHandler
                0x0000000024002ebc                DFSDM1_FLT1_IRQHandler
                0x0000000024002ebc                DMAMUX2_OVR_IRQHandler
                0x0000000024002ebc                TIM8_UP_TIM13_IRQHandler
                0x0000000024002ebc                I2C3_ER_IRQHandler
                0x0000000024002ebc                DFSDM1_FLT2_IRQHandler
                0x0000000024002ebc                MDMA_IRQHandler
                0x0000000024002ebc                LPTIM3_IRQHandler
                0x0000000024002ebc                HSEM1_IRQHandler
                0x0000000024002ebc                EXTI0_IRQHandler
                0x0000000024002ebc                I2C2_EV_IRQHandler
                0x0000000024002ebc                DMA1_Stream2_IRQHandler
                0x0000000024002ebc                FPU_IRQHandler
                0x0000000024002ebc                OTG_HS_WKUP_IRQHandler
                0x0000000024002ebc                FDCAN1_IT1_IRQHandler
                0x0000000024002ebc                LTDC_ER_IRQHandler
                0x0000000024002ebc                DMA2_Stream2_IRQHandler
                0x0000000024002ebc                HRTIM1_TIME_IRQHandler
                0x0000000024002ebc                SPI1_IRQHandler
                0x0000000024002ebc                TIM6_DAC_IRQHandler
                0x0000000024002ebc                DCMI_IRQHandler
                0x0000000024002ebc                HRTIM1_TIMC_IRQHandler
                0x0000000024002ebc                DMA2_Stream3_IRQHandler
                0x0000000024002ebc                SAI2_IRQHandler
                0x0000000024002ebc                DFSDM1_FLT3_IRQHandler
                0x0000000024002ebc                USART6_IRQHandler
                0x0000000024002ebc                TIM17_IRQHandler
                0x0000000024002ebc                USART3_IRQHandler
                0x0000000024002ebc                BDMA_Channel7_IRQHandler
                0x0000000024002ebc                LPTIM5_IRQHandler
                0x0000000024002ebc                UART5_IRQHandler
                0x0000000024002ebc                ADC3_IRQHandler
                0x0000000024002ebc                DMA2_Stream0_IRQHandler
                0x0000000024002ebc                TIM4_IRQHandler
                0x0000000024002ebc                BDMA_Channel2_IRQHandler
                0x0000000024002ebc                QUADSPI_IRQHandler
                0x0000000024002ebc                I2C1_EV_IRQHandler
                0x0000000024002ebc                DMA1_Stream6_IRQHandler
                0x0000000024002ebc                DMAMUX1_OVR_IRQHandler
                0x0000000024002ebc                DMA1_Stream1_IRQHandler
                0x0000000024002ebc                TIM16_IRQHandler
                0x0000000024002ebc                UART4_IRQHandler
                0x0000000024002ebc                BDMA_Channel5_IRQHandler
                0x0000000024002ebc                TIM3_IRQHandler
                0x0000000024002ebc                RCC_IRQHandler
                0x0000000024002ebc                TIM8_BRK_TIM12_IRQHandler
                0x0000000024002ebc                TIM1_TRG_COM_IRQHandler
                0x0000000024002ebc                Default_Handler
                0x0000000024002ebc                ECC_IRQHandler
                0x0000000024002ebc                CEC_IRQHandler
                0x0000000024002ebc                EXTI15_10_IRQHandler
                0x0000000024002ebc                BDMA_Channel0_IRQHandler
                0x0000000024002ebc                ADC_IRQHandler
                0x0000000024002ebc                DMA1_Stream7_IRQHandler
                0x0000000024002ebc                HRTIM1_TIMA_IRQHandler
                0x0000000024002ebc                SPI5_IRQHandler
                0x0000000024002ebc                TIM7_IRQHandler
                0x0000000024002ebc                SDMMC1_IRQHandler
                0x0000000024002ebc                TIM5_IRQHandler
                0x0000000024002ebc                DMA2_Stream7_IRQHandler
                0x0000000024002ebc                TIM15_IRQHandler
                0x0000000024002ebc                PVD_AVD_IRQHandler
                0x0000000024002ebc                I2C3_EV_IRQHandler
                0x0000000024002ebc                EXTI9_5_IRQHandler
                0x0000000024002ebc                RTC_WKUP_IRQHandler
                0x0000000024002ebc                LTDC_IRQHandler
                0x0000000024002ebc                SAI3_IRQHandler
                0x0000000024002ebc                ETH_WKUP_IRQHandler
                0x0000000024002ebc                SPDIF_RX_IRQHandler
                0x0000000024002ebc                SPI2_IRQHandler
                0x0000000024002ebc                OTG_HS_EP1_IN_IRQHandler
                0x0000000024002ebc                DMA1_Stream0_IRQHandler
                0x0000000024002ebc                CRS_IRQHandler
                0x0000000024002ebc                EXTI4_IRQHandler
                0x0000000024002ebc                RNG_IRQHandler
                0x0000000024002ebc                HRTIM1_TIMB_IRQHandler
                0x0000000024002ebc                FDCAN2_IT1_IRQHandler
                0x0000000024002ebc                ETH_IRQHandler
                0x0000000024002ebc                TIM1_UP_IRQHandler
                0x0000000024002ebc                BDMA_Channel4_IRQHandler
                0x0000000024002ebc                OTG_HS_EP1_OUT_IRQHandler
                0x0000000024002ebc                WWDG_IRQHandler
                0x0000000024002ebc                SPI6_IRQHandler
                0x0000000024002ebc                MDIOS_IRQHandler
                0x0000000024002ebc                I2C4_EV_IRQHandler
                0x0000000024002ebc                FDCAN2_IT0_IRQHandler
                0x0000000024002ebc                LPUART1_IRQHandler
                0x0000000024002ebc                FDCAN1_IT0_IRQHandler
                0x0000000024002ebc                TIM2_IRQHandler
                0x0000000024002ebc                OTG_FS_WKUP_IRQHandler
                0x0000000024002ebc                OTG_HS_IRQHandler
                0x0000000024002ebc                DMA2D_IRQHandler
                0x0000000024002ebc                TIM1_BRK_IRQHandler
                0x0000000024002ebc                EXTI1_IRQHandler
                0x0000000024002ebc                SDMMC2_IRQHandler
                0x0000000024002ebc                OTG_FS_EP1_OUT_IRQHandler
                0x0000000024002ebc                BDMA_Channel3_IRQHandler
                0x0000000024002ebc                UART7_IRQHandler
                0x0000000024002ebc                MDIOS_WKUP_IRQHandler
                0x0000000024002ebc                USART2_IRQHandler
                0x0000000024002ebc                DFSDM1_FLT0_IRQHandler
                0x0000000024002ebc                SAI4_IRQHandler
                0x0000000024002ebc                I2C2_ER_IRQHandler
                0x0000000024002ebc                DMA2_Stream1_IRQHandler
                0x0000000024002ebc                FLASH_IRQHandler
                0x0000000024002ebc                DMA2_Stream4_IRQHandler
                0x0000000024002ebc                USART1_IRQHandler
                0x0000000024002ebc                OTG_FS_IRQHandler
                0x0000000024002ebc                SPI3_IRQHandler
                0x0000000024002ebc                WAKEUP_PIN_IRQHandler
                0x0000000024002ebc                DMA1_Stream4_IRQHandler
                0x0000000024002ebc                OTG_FS_EP1_IN_IRQHandler
                0x0000000024002ebc                I2C1_ER_IRQHandler
                0x0000000024002ebc                FMC_IRQHandler
                0x0000000024002ebc                FDCAN_CAL_IRQHandler
                0x0000000024002ebc                SWPMI1_IRQHandler
                0x0000000024002ebc                COMP1_IRQHandler
                0x0000000024002ebc                LPTIM1_IRQHandler
                0x0000000024002ebc                I2C4_ER_IRQHandler
                0x0000000024002ebc                DMA2_Stream6_IRQHandler
                0x0000000024002ebc                SAI1_IRQHandler
                0x0000000024002ebc                DMA1_Stream3_IRQHandler
 *fill*         0x0000000024002ebe        0x2 
 .text.HAL_Init
                0x0000000024002ec0       0x78 ./Drivers/STM32H7xx_HAL_Driver/Src/stm32h7xx_hal.o
                0x0000000024002ec0                HAL_Init
 .text.HAL_DeInit
                0x0000000024002f38       0xbc ./Drivers/STM32H7xx_HAL_Driver/Src/stm32h7xx_hal.o
                0x0000000024002f38                HAL_DeInit
 .text.HAL_MspInit
                0x0000000024002ff4        0xe ./Drivers/STM32H7xx_HAL_Driver/Src/stm32h7xx_hal.o
 .text.HAL_MspDeInit
                0x0000000024003002        0xe ./Drivers/STM32H7xx_HAL_Driver/Src/stm32h7xx_hal.o
                0x0000000024003002                HAL_MspDeInit
 .text.HAL_InitTick
                0x0000000024003010       0x6c ./Drivers/STM32H7xx_HAL_Driver/Src/stm32h7xx_hal.o
                0x0000000024003010                HAL_InitTick
 .text.HAL_IncTick
                0x000000002400307c       0x28 ./Drivers/STM32H7xx_HAL_Driver/Src/stm32h7xx_hal.o
                0x000000002400307c                HAL_IncTick
 .text.HAL_GetTick
                0x00000000240030a4       0x18 ./Drivers/STM32H7xx_HAL_Driver/Src/stm32h7xx_hal.o
                0x00000000240030a4                HAL_GetTick
 .text.HAL_GetTickPrio
                0x00000000240030bc       0x18 ./Drivers/STM32H7xx_HAL_Driver/Src/stm32h7xx_hal.o
                0x00000000240030bc                HAL_GetTickPrio
 .text.HAL_SetTickFreq
                0x00000000240030d4       0x50 ./Drivers/STM32H7xx_HAL_Driver/Src/stm32h7xx_hal.o
                0x00000000240030d4                HAL_SetTickFreq
 .text.HAL_GetTickFreq
                0x0000000024003124       0x18 ./Drivers/STM32H7xx_HAL_Driver/Src/stm32h7xx_hal.o
                0x0000000024003124                HAL_GetTickFreq
 .text.HAL_Delay
                0x000000002400313c       0x48 ./Drivers/STM32H7xx_HAL_Driver/Src/stm32h7xx_hal.o
                0x000000002400313c                HAL_Delay
 .text.HAL_SuspendTick
                0x0000000024003184       0x20 ./Drivers/STM32H7xx_HAL_Driver/Src/stm32h7xx_hal.o
                0x0000000024003184                HAL_SuspendTick
 .text.HAL_ResumeTick
                0x00000000240031a4       0x20 ./Drivers/STM32H7xx_HAL_Driver/Src/stm32h7xx_hal.o
                0x00000000240031a4                HAL_ResumeTick
 .text.HAL_GetHalVersion
                0x00000000240031c4       0x14 ./Drivers/STM32H7xx_HAL_Driver/Src/stm32h7xx_hal.o
                0x00000000240031c4                HAL_GetHalVersion
 .text.HAL_GetREVID
                0x00000000240031d8       0x18 ./Drivers/STM32H7xx_HAL_Driver/Src/stm32h7xx_hal.o
                0x00000000240031d8                HAL_GetREVID
 .text.HAL_GetDEVID
                0x00000000240031f0       0x1c ./Drivers/STM32H7xx_HAL_Driver/Src/stm32h7xx_hal.o
                0x00000000240031f0                HAL_GetDEVID
 .text.HAL_GetUIDw0
                0x000000002400320c       0x18 ./Drivers/STM32H7xx_HAL_Driver/Src/stm32h7xx_hal.o
                0x000000002400320c                HAL_GetUIDw0
 .text.HAL_GetUIDw1
                0x0000000024003224       0x18 ./Drivers/STM32H7xx_HAL_Driver/Src/stm32h7xx_hal.o
                0x0000000024003224                HAL_GetUIDw1
 .text.HAL_GetUIDw2
                0x000000002400323c       0x18 ./Drivers/STM32H7xx_HAL_Driver/Src/stm32h7xx_hal.o
                0x000000002400323c                HAL_GetUIDw2
 .text.HAL_SYSCFG_VREFBUF_VoltageScalingConfig
                0x0000000024003254       0x28 ./Drivers/STM32H7xx_HAL_Driver/Src/stm32h7xx_hal.o
                0x0000000024003254                HAL_SYSCFG_VREFBUF_VoltageScalingConfig
 .text.HAL_SYSCFG_VREFBUF_HighImpedanceConfig
                0x000000002400327c       0x28 ./Drivers/STM32H7xx_HAL_Driver/Src/stm32h7xx_hal.o
                0x000000002400327c                HAL_SYSCFG_VREFBUF_HighImpedanceConfig
 .text.HAL_SYSCFG_VREFBUF_TrimmingConfig
                0x00000000240032a4       0x28 ./Drivers/STM32H7xx_HAL_Driver/Src/stm32h7xx_hal.o
                0x00000000240032a4                HAL_SYSCFG_VREFBUF_TrimmingConfig
 .text.HAL_SYSCFG_EnableVREFBUF
                0x00000000240032cc       0x48 ./Drivers/STM32H7xx_HAL_Driver/Src/stm32h7xx_hal.o
                0x00000000240032cc                HAL_SYSCFG_EnableVREFBUF
 .text.HAL_SYSCFG_DisableVREFBUF
                0x0000000024003314       0x20 ./Drivers/STM32H7xx_HAL_Driver/Src/stm32h7xx_hal.o
                0x0000000024003314                HAL_SYSCFG_DisableVREFBUF
 .text.HAL_SYSCFG_ETHInterfaceSelect
                0x0000000024003334       0x28 ./Drivers/STM32H7xx_HAL_Driver/Src/stm32h7xx_hal.o
                0x0000000024003334                HAL_SYSCFG_ETHInterfaceSelect
 .text.HAL_SYSCFG_AnalogSwitchConfig
                0x000000002400335c       0x2c ./Drivers/STM32H7xx_HAL_Driver/Src/stm32h7xx_hal.o
                0x000000002400335c                HAL_SYSCFG_AnalogSwitchConfig
 .text.HAL_SYSCFG_EnableBOOST
                0x0000000024003388       0x20 ./Drivers/STM32H7xx_HAL_Driver/Src/stm32h7xx_hal.o
                0x0000000024003388                HAL_SYSCFG_EnableBOOST
 .text.HAL_SYSCFG_DisableBOOST
                0x00000000240033a8       0x20 ./Drivers/STM32H7xx_HAL_Driver/Src/stm32h7xx_hal.o
                0x00000000240033a8                HAL_SYSCFG_DisableBOOST
 .text.HAL_SYSCFG_CM7BootAddConfig
                0x00000000240033c8       0x54 ./Drivers/STM32H7xx_HAL_Driver/Src/stm32h7xx_hal.o
                0x00000000240033c8                HAL_SYSCFG_CM7BootAddConfig
 .text.HAL_EnableCompensationCell
                0x000000002400341c       0x20 ./Drivers/STM32H7xx_HAL_Driver/Src/stm32h7xx_hal.o
                0x000000002400341c                HAL_EnableCompensationCell
 .text.HAL_DisableCompensationCell
                0x000000002400343c       0x20 ./Drivers/STM32H7xx_HAL_Driver/Src/stm32h7xx_hal.o
                0x000000002400343c                HAL_DisableCompensationCell
 .text.HAL_SYSCFG_EnableIOSpeedOptimize
                0x000000002400345c       0x20 ./Drivers/STM32H7xx_HAL_Driver/Src/stm32h7xx_hal.o
                0x000000002400345c                HAL_SYSCFG_EnableIOSpeedOptimize
 .text.HAL_SYSCFG_DisableIOSpeedOptimize
                0x000000002400347c       0x20 ./Drivers/STM32H7xx_HAL_Driver/Src/stm32h7xx_hal.o
                0x000000002400347c                HAL_SYSCFG_DisableIOSpeedOptimize
 .text.HAL_SYSCFG_CompensationCodeSelect
                0x000000002400349c       0x28 ./Drivers/STM32H7xx_HAL_Driver/Src/stm32h7xx_hal.o
                0x000000002400349c                HAL_SYSCFG_CompensationCodeSelect
 .text.HAL_SYSCFG_CompensationCodeConfig
                0x00000000240034c4       0x30 ./Drivers/STM32H7xx_HAL_Driver/Src/stm32h7xx_hal.o
                0x00000000240034c4                HAL_SYSCFG_CompensationCodeConfig
 .text.HAL_DBGMCU_EnableDBGSleepMode
                0x00000000240034f4       0x20 ./Drivers/STM32H7xx_HAL_Driver/Src/stm32h7xx_hal.o
                0x00000000240034f4                HAL_DBGMCU_EnableDBGSleepMode
 .text.HAL_DBGMCU_DisableDBGSleepMode
                0x0000000024003514       0x20 ./Drivers/STM32H7xx_HAL_Driver/Src/stm32h7xx_hal.o
                0x0000000024003514                HAL_DBGMCU_DisableDBGSleepMode
 .text.HAL_DBGMCU_EnableDBGStopMode
                0x0000000024003534       0x20 ./Drivers/STM32H7xx_HAL_Driver/Src/stm32h7xx_hal.o
                0x0000000024003534                HAL_DBGMCU_EnableDBGStopMode
 .text.HAL_DBGMCU_DisableDBGStopMode
                0x0000000024003554       0x20 ./Drivers/STM32H7xx_HAL_Driver/Src/stm32h7xx_hal.o
                0x0000000024003554                HAL_DBGMCU_DisableDBGStopMode
 .text.HAL_DBGMCU_EnableDBGStandbyMode
                0x0000000024003574       0x20 ./Drivers/STM32H7xx_HAL_Driver/Src/stm32h7xx_hal.o
                0x0000000024003574                HAL_DBGMCU_EnableDBGStandbyMode
 .text.HAL_DBGMCU_DisableDBGStandbyMode
                0x0000000024003594       0x20 ./Drivers/STM32H7xx_HAL_Driver/Src/stm32h7xx_hal.o
                0x0000000024003594                HAL_DBGMCU_DisableDBGStandbyMode
 .text.HAL_SetFMCMemorySwappingConfig
                0x00000000240035b4       0x28 ./Drivers/STM32H7xx_HAL_Driver/Src/stm32h7xx_hal.o
                0x00000000240035b4                HAL_SetFMCMemorySwappingConfig
 .text.HAL_GetFMCMemorySwappingConfig
                0x00000000240035dc       0x1c ./Drivers/STM32H7xx_HAL_Driver/Src/stm32h7xx_hal.o
                0x00000000240035dc                HAL_GetFMCMemorySwappingConfig
 .text.HAL_EXTI_EdgeConfig
                0x00000000240035f8       0xd0 ./Drivers/STM32H7xx_HAL_Driver/Src/stm32h7xx_hal.o
                0x00000000240035f8                HAL_EXTI_EdgeConfig
 .text.HAL_EXTI_GenerateSWInterrupt
                0x00000000240036c8       0x40 ./Drivers/STM32H7xx_HAL_Driver/Src/stm32h7xx_hal.o
                0x00000000240036c8                HAL_EXTI_GenerateSWInterrupt
 .text.HAL_EXTI_D1_ClearFlag
                0x0000000024003708       0x30 ./Drivers/STM32H7xx_HAL_Driver/Src/stm32h7xx_hal.o
                0x0000000024003708                HAL_EXTI_D1_ClearFlag
 .text.HAL_EXTI_D1_EventInputConfig
                0x0000000024003738       0xec ./Drivers/STM32H7xx_HAL_Driver/Src/stm32h7xx_hal.o
                0x0000000024003738                HAL_EXTI_D1_EventInputConfig
 .text.HAL_EXTI_D3_EventInputConfig
                0x0000000024003824       0xd0 ./Drivers/STM32H7xx_HAL_Driver/Src/stm32h7xx_hal.o
                0x0000000024003824                HAL_EXTI_D3_EventInputConfig
 .text.__NVIC_SetPriorityGrouping
                0x00000000240038f4       0x48 ./Drivers/STM32H7xx_HAL_Driver/Src/stm32h7xx_hal_cortex.o
 .text.__NVIC_GetPriorityGrouping
                0x000000002400393c       0x1c ./Drivers/STM32H7xx_HAL_Driver/Src/stm32h7xx_hal_cortex.o
 .text.__NVIC_EnableIRQ
                0x0000000024003958       0x3c ./Drivers/STM32H7xx_HAL_Driver/Src/stm32h7xx_hal_cortex.o
 .text.__NVIC_DisableIRQ
                0x0000000024003994       0x48 ./Drivers/STM32H7xx_HAL_Driver/Src/stm32h7xx_hal_cortex.o
 .text.__NVIC_GetPendingIRQ
                0x00000000240039dc       0x44 ./Drivers/STM32H7xx_HAL_Driver/Src/stm32h7xx_hal_cortex.o
 .text.__NVIC_SetPendingIRQ
                0x0000000024003a20       0x3c ./Drivers/STM32H7xx_HAL_Driver/Src/stm32h7xx_hal_cortex.o
 .text.__NVIC_ClearPendingIRQ
                0x0000000024003a5c       0x3c ./Drivers/STM32H7xx_HAL_Driver/Src/stm32h7xx_hal_cortex.o
 .text.__NVIC_GetActive
                0x0000000024003a98       0x44 ./Drivers/STM32H7xx_HAL_Driver/Src/stm32h7xx_hal_cortex.o
 .text.__NVIC_SetPriority
                0x0000000024003adc       0x54 ./Drivers/STM32H7xx_HAL_Driver/Src/stm32h7xx_hal_cortex.o
 .text.__NVIC_GetPriority
                0x0000000024003b30       0x50 ./Drivers/STM32H7xx_HAL_Driver/Src/stm32h7xx_hal_cortex.o
 .text.NVIC_EncodePriority
                0x0000000024003b80       0x66 ./Drivers/STM32H7xx_HAL_Driver/Src/stm32h7xx_hal_cortex.o
 .text.NVIC_DecodePriority
                0x0000000024003be6       0x6e ./Drivers/STM32H7xx_HAL_Driver/Src/stm32h7xx_hal_cortex.o
 .text.__NVIC_SystemReset
                0x0000000024003c54       0x2c ./Drivers/STM32H7xx_HAL_Driver/Src/stm32h7xx_hal_cortex.o
 .text.SysTick_Config
                0x0000000024003c80       0x44 ./Drivers/STM32H7xx_HAL_Driver/Src/stm32h7xx_hal_cortex.o
 .text.HAL_NVIC_SetPriorityGrouping
                0x0000000024003cc4       0x16 ./Drivers/STM32H7xx_HAL_Driver/Src/stm32h7xx_hal_cortex.o
                0x0000000024003cc4                HAL_NVIC_SetPriorityGrouping
 .text.HAL_NVIC_SetPriority
                0x0000000024003cda       0x34 ./Drivers/STM32H7xx_HAL_Driver/Src/stm32h7xx_hal_cortex.o
                0x0000000024003cda                HAL_NVIC_SetPriority
 .text.HAL_NVIC_EnableIRQ
                0x0000000024003d0e       0x1c ./Drivers/STM32H7xx_HAL_Driver/Src/stm32h7xx_hal_cortex.o
                0x0000000024003d0e                HAL_NVIC_EnableIRQ
 .text.HAL_NVIC_DisableIRQ
                0x0000000024003d2a       0x1c ./Drivers/STM32H7xx_HAL_Driver/Src/stm32h7xx_hal_cortex.o
                0x0000000024003d2a                HAL_NVIC_DisableIRQ
 .text.HAL_NVIC_SystemReset
                0x0000000024003d46        0x8 ./Drivers/STM32H7xx_HAL_Driver/Src/stm32h7xx_hal_cortex.o
                0x0000000024003d46                HAL_NVIC_SystemReset
 .text.HAL_SYSTICK_Config
                0x0000000024003d4e       0x18 ./Drivers/STM32H7xx_HAL_Driver/Src/stm32h7xx_hal_cortex.o
                0x0000000024003d4e                HAL_SYSTICK_Config
 *fill*         0x0000000024003d66        0x2 
 .text.HAL_MPU_Disable
                0x0000000024003d68       0x30 ./Drivers/STM32H7xx_HAL_Driver/Src/stm32h7xx_hal_cortex.o
                0x0000000024003d68                HAL_MPU_Disable
 .text.HAL_MPU_Enable
                0x0000000024003d98       0x40 ./Drivers/STM32H7xx_HAL_Driver/Src/stm32h7xx_hal_cortex.o
                0x0000000024003d98                HAL_MPU_Enable
 .text.HAL_MPU_ConfigRegion
                0x0000000024003dd8       0x88 ./Drivers/STM32H7xx_HAL_Driver/Src/stm32h7xx_hal_cortex.o
                0x0000000024003dd8                HAL_MPU_ConfigRegion
 .text.HAL_NVIC_GetPriorityGrouping
                0x0000000024003e60        0xe ./Drivers/STM32H7xx_HAL_Driver/Src/stm32h7xx_hal_cortex.o
                0x0000000024003e60                HAL_NVIC_GetPriorityGrouping
 .text.HAL_NVIC_GetPriority
                0x0000000024003e6e       0x2c ./Drivers/STM32H7xx_HAL_Driver/Src/stm32h7xx_hal_cortex.o
                0x0000000024003e6e                HAL_NVIC_GetPriority
 .text.HAL_NVIC_SetPendingIRQ
                0x0000000024003e9a       0x1c ./Drivers/STM32H7xx_HAL_Driver/Src/stm32h7xx_hal_cortex.o
                0x0000000024003e9a                HAL_NVIC_SetPendingIRQ
 .text.HAL_NVIC_GetPendingIRQ
                0x0000000024003eb6       0x1e ./Drivers/STM32H7xx_HAL_Driver/Src/stm32h7xx_hal_cortex.o
                0x0000000024003eb6                HAL_NVIC_GetPendingIRQ
 .text.HAL_NVIC_ClearPendingIRQ
                0x0000000024003ed4       0x1c ./Drivers/STM32H7xx_HAL_Driver/Src/stm32h7xx_hal_cortex.o
                0x0000000024003ed4                HAL_NVIC_ClearPendingIRQ
 .text.HAL_NVIC_GetActive
                0x0000000024003ef0       0x1e ./Drivers/STM32H7xx_HAL_Driver/Src/stm32h7xx_hal_cortex.o
                0x0000000024003ef0                HAL_NVIC_GetActive
 *fill*         0x0000000024003f0e        0x2 
 .text.HAL_SYSTICK_CLKSourceConfig
                0x0000000024003f10       0x38 ./Drivers/STM32H7xx_HAL_Driver/Src/stm32h7xx_hal_cortex.o
                0x0000000024003f10                HAL_SYSTICK_CLKSourceConfig
 .text.HAL_SYSTICK_IRQHandler
                0x0000000024003f48        0xc ./Drivers/STM32H7xx_HAL_Driver/Src/stm32h7xx_hal_cortex.o
                0x0000000024003f48                HAL_SYSTICK_IRQHandler
 .text.HAL_SYSTICK_Callback
                0x0000000024003f54        0xe ./Drivers/STM32H7xx_HAL_Driver/Src/stm32h7xx_hal_cortex.o
                0x0000000024003f54                HAL_SYSTICK_Callback
 .text.HAL_GetCurrentCPUID
                0x0000000024003f62       0x10 ./Drivers/STM32H7xx_HAL_Driver/Src/stm32h7xx_hal_cortex.o
                0x0000000024003f62                HAL_GetCurrentCPUID
 *fill*         0x0000000024003f72        0x2 
 .text.HAL_DMA_Init
                0x0000000024003f74      0x6b8 ./Drivers/STM32H7xx_HAL_Driver/Src/stm32h7xx_hal_dma.o
                0x0000000024003f74                HAL_DMA_Init
 .text.HAL_DMA_DeInit
                0x000000002400462c      0x36c ./Drivers/STM32H7xx_HAL_Driver/Src/stm32h7xx_hal_dma.o
                0x000000002400462c                HAL_DMA_DeInit
 .text.HAL_DMA_Start
                0x0000000024004998      0x240 ./Drivers/STM32H7xx_HAL_Driver/Src/stm32h7xx_hal_dma.o
                0x0000000024004998                HAL_DMA_Start
 .text.HAL_DMA_Start_IT
                0x0000000024004bd8      0x4d4 ./Drivers/STM32H7xx_HAL_Driver/Src/stm32h7xx_hal_dma.o
                0x0000000024004bd8                HAL_DMA_Start_IT
 .text.HAL_DMA_Abort
                0x00000000240050ac      0x63c ./Drivers/STM32H7xx_HAL_Driver/Src/stm32h7xx_hal_dma.o
                0x00000000240050ac                HAL_DMA_Abort
 .text.HAL_DMA_Abort_IT
                0x00000000240056e8      0x48c ./Drivers/STM32H7xx_HAL_Driver/Src/stm32h7xx_hal_dma.o
                0x00000000240056e8                HAL_DMA_Abort_IT
 .text.HAL_DMA_PollForTransfer
                0x0000000024005b74      0x754 ./Drivers/STM32H7xx_HAL_Driver/Src/stm32h7xx_hal_dma.o
                0x0000000024005b74                HAL_DMA_PollForTransfer
 .text.HAL_DMA_IRQHandler
                0x00000000240062c8      0xe54 ./Drivers/STM32H7xx_HAL_Driver/Src/stm32h7xx_hal_dma.o
                0x00000000240062c8                HAL_DMA_IRQHandler
 .text.HAL_DMA_RegisterCallback
                0x000000002400711c       0xb4 ./Drivers/STM32H7xx_HAL_Driver/Src/stm32h7xx_hal_dma.o
                0x000000002400711c                HAL_DMA_RegisterCallback
 .text.HAL_DMA_UnRegisterCallback
                0x00000000240071d0       0xdc ./Drivers/STM32H7xx_HAL_Driver/Src/stm32h7xx_hal_dma.o
                0x00000000240071d0                HAL_DMA_UnRegisterCallback
 .text.HAL_DMA_GetState
                0x00000000240072ac       0x1c ./Drivers/STM32H7xx_HAL_Driver/Src/stm32h7xx_hal_dma.o
                0x00000000240072ac                HAL_DMA_GetState
 .text.HAL_DMA_GetError
                0x00000000240072c8       0x18 ./Drivers/STM32H7xx_HAL_Driver/Src/stm32h7xx_hal_dma.o
                0x00000000240072c8                HAL_DMA_GetError
 .text.DMA_SetConfig
                0x00000000240072e0      0x358 ./Drivers/STM32H7xx_HAL_Driver/Src/stm32h7xx_hal_dma.o
 .text.DMA_CalcBaseAndBitshift
                0x0000000024007638      0x164 ./Drivers/STM32H7xx_HAL_Driver/Src/stm32h7xx_hal_dma.o
 .text.DMA_CheckFifoParam
                0x000000002400779c       0xf8 ./Drivers/STM32H7xx_HAL_Driver/Src/stm32h7xx_hal_dma.o
 .text.DMA_CalcDMAMUXChannelBaseAndMask
                0x0000000024007894      0x134 ./Drivers/STM32H7xx_HAL_Driver/Src/stm32h7xx_hal_dma.o
 .text.DMA_CalcDMAMUXRequestGenBaseAndMask
                0x00000000240079c8       0xe8 ./Drivers/STM32H7xx_HAL_Driver/Src/stm32h7xx_hal_dma.o
 .text.HAL_DMAEx_MultiBufferStart
                0x0000000024007ab0      0x404 ./Drivers/STM32H7xx_HAL_Driver/Src/stm32h7xx_hal_dma_ex.o
                0x0000000024007ab0                HAL_DMAEx_MultiBufferStart
 .text.HAL_DMAEx_MultiBufferStart_IT
                0x0000000024007eb4      0x6bc ./Drivers/STM32H7xx_HAL_Driver/Src/stm32h7xx_hal_dma_ex.o
                0x0000000024007eb4                HAL_DMAEx_MultiBufferStart_IT
 .text.HAL_DMAEx_ChangeMemory
                0x0000000024008570      0x138 ./Drivers/STM32H7xx_HAL_Driver/Src/stm32h7xx_hal_dma_ex.o
                0x0000000024008570                HAL_DMAEx_ChangeMemory
 .text.HAL_DMAEx_ConfigMuxSync
                0x00000000240086a8      0x18c ./Drivers/STM32H7xx_HAL_Driver/Src/stm32h7xx_hal_dma_ex.o
                0x00000000240086a8                HAL_DMAEx_ConfigMuxSync
 .text.HAL_DMAEx_ConfigMuxRequestGenerator
                0x0000000024008834      0x170 ./Drivers/STM32H7xx_HAL_Driver/Src/stm32h7xx_hal_dma_ex.o
                0x0000000024008834                HAL_DMAEx_ConfigMuxRequestGenerator
 .text.HAL_DMAEx_EnableMuxRequestGenerator
                0x00000000240089a4       0x3e ./Drivers/STM32H7xx_HAL_Driver/Src/stm32h7xx_hal_dma_ex.o
                0x00000000240089a4                HAL_DMAEx_EnableMuxRequestGenerator
 .text.HAL_DMAEx_DisableMuxRequestGenerator
                0x00000000240089e2       0x3e ./Drivers/STM32H7xx_HAL_Driver/Src/stm32h7xx_hal_dma_ex.o
                0x00000000240089e2                HAL_DMAEx_DisableMuxRequestGenerator
 .text.HAL_DMAEx_MUX_IRQHandler
                0x0000000024008a20       0xa4 ./Drivers/STM32H7xx_HAL_Driver/Src/stm32h7xx_hal_dma_ex.o
                0x0000000024008a20                HAL_DMAEx_MUX_IRQHandler
 .text.DMA_MultiBufferSetConfig
                0x0000000024008ac4      0x16c ./Drivers/STM32H7xx_HAL_Driver/Src/stm32h7xx_hal_dma_ex.o
 .text.HAL_EXTI_SetConfigLine
                0x0000000024008c30      0x258 ./Drivers/STM32H7xx_HAL_Driver/Src/stm32h7xx_hal_exti.o
                0x0000000024008c30                HAL_EXTI_SetConfigLine
 .text.HAL_EXTI_GetConfigLine
                0x0000000024008e88      0x1cc ./Drivers/STM32H7xx_HAL_Driver/Src/stm32h7xx_hal_exti.o
                0x0000000024008e88                HAL_EXTI_GetConfigLine
 .text.HAL_EXTI_ClearConfigLine
                0x0000000024009054      0x194 ./Drivers/STM32H7xx_HAL_Driver/Src/stm32h7xx_hal_exti.o
                0x0000000024009054                HAL_EXTI_ClearConfigLine
 .text.HAL_EXTI_RegisterCallback
                0x00000000240091e8       0x3e ./Drivers/STM32H7xx_HAL_Driver/Src/stm32h7xx_hal_exti.o
                0x00000000240091e8                HAL_EXTI_RegisterCallback
 .text.HAL_EXTI_GetHandle
                0x0000000024009226       0x28 ./Drivers/STM32H7xx_HAL_Driver/Src/stm32h7xx_hal_exti.o
                0x0000000024009226                HAL_EXTI_GetHandle
 *fill*         0x000000002400924e        0x2 
 .text.HAL_EXTI_IRQHandler
                0x0000000024009250       0x60 ./Drivers/STM32H7xx_HAL_Driver/Src/stm32h7xx_hal_exti.o
                0x0000000024009250                HAL_EXTI_IRQHandler
 .text.HAL_EXTI_GetPending
                0x00000000240092b0       0x58 ./Drivers/STM32H7xx_HAL_Driver/Src/stm32h7xx_hal_exti.o
                0x00000000240092b0                HAL_EXTI_GetPending
 .text.HAL_EXTI_ClearPending
                0x0000000024009308       0x48 ./Drivers/STM32H7xx_HAL_Driver/Src/stm32h7xx_hal_exti.o
                0x0000000024009308                HAL_EXTI_ClearPending
 .text.HAL_EXTI_GenerateSWI
                0x0000000024009350       0x44 ./Drivers/STM32H7xx_HAL_Driver/Src/stm32h7xx_hal_exti.o
                0x0000000024009350                HAL_EXTI_GenerateSWI
 .text.HAL_FLASH_Program
                0x0000000024009394      0x124 ./Drivers/STM32H7xx_HAL_Driver/Src/stm32h7xx_hal_flash.o
                0x0000000024009394                HAL_FLASH_Program
 .text.HAL_FLASH_Program_IT
                0x00000000240094b8      0x118 ./Drivers/STM32H7xx_HAL_Driver/Src/stm32h7xx_hal_flash.o
                0x00000000240094b8                HAL_FLASH_Program_IT
 .text.HAL_FLASH_IRQHandler
                0x00000000240095d0      0x2b4 ./Drivers/STM32H7xx_HAL_Driver/Src/stm32h7xx_hal_flash.o
                0x00000000240095d0                HAL_FLASH_IRQHandler
 .text.HAL_FLASH_EndOfOperationCallback
                0x0000000024009884       0x14 ./Drivers/STM32H7xx_HAL_Driver/Src/stm32h7xx_hal_flash.o
                0x0000000024009884                HAL_FLASH_EndOfOperationCallback
 .text.HAL_FLASH_OperationErrorCallback
                0x0000000024009898       0x14 ./Drivers/STM32H7xx_HAL_Driver/Src/stm32h7xx_hal_flash.o
                0x0000000024009898                HAL_FLASH_OperationErrorCallback
 .text.HAL_FLASH_Unlock
                0x00000000240098ac       0x74 ./Drivers/STM32H7xx_HAL_Driver/Src/stm32h7xx_hal_flash.o
                0x00000000240098ac                HAL_FLASH_Unlock
 .text.HAL_FLASH_Lock
                0x0000000024009920       0x54 ./Drivers/STM32H7xx_HAL_Driver/Src/stm32h7xx_hal_flash.o
                0x0000000024009920                HAL_FLASH_Lock
 .text.HAL_FLASH_OB_Unlock
                0x0000000024009974       0x44 ./Drivers/STM32H7xx_HAL_Driver/Src/stm32h7xx_hal_flash.o
                0x0000000024009974                HAL_FLASH_OB_Unlock
 .text.HAL_FLASH_OB_Lock
                0x00000000240099b8       0x30 ./Drivers/STM32H7xx_HAL_Driver/Src/stm32h7xx_hal_flash.o
                0x00000000240099b8                HAL_FLASH_OB_Lock
 .text.HAL_FLASH_OB_Launch
                0x00000000240099e8       0x64 ./Drivers/STM32H7xx_HAL_Driver/Src/stm32h7xx_hal_flash.o
                0x00000000240099e8                HAL_FLASH_OB_Launch
 .text.HAL_FLASH_GetError
                0x0000000024009a4c       0x18 ./Drivers/STM32H7xx_HAL_Driver/Src/stm32h7xx_hal_flash.o
                0x0000000024009a4c                HAL_FLASH_GetError
 .text.FLASH_WaitForLastOperation
                0x0000000024009a64      0x138 ./Drivers/STM32H7xx_HAL_Driver/Src/stm32h7xx_hal_flash.o
                0x0000000024009a64                FLASH_WaitForLastOperation
 .text.FLASH_OB_WaitForLastOperation
                0x0000000024009b9c       0x78 ./Drivers/STM32H7xx_HAL_Driver/Src/stm32h7xx_hal_flash.o
                0x0000000024009b9c                FLASH_OB_WaitForLastOperation
 .text.FLASH_CRC_WaitForLastOperation
                0x0000000024009c14       0xf4 ./Drivers/STM32H7xx_HAL_Driver/Src/stm32h7xx_hal_flash.o
                0x0000000024009c14                FLASH_CRC_WaitForLastOperation
 .text.HAL_FLASHEx_Erase
                0x0000000024009d08      0x194 ./Drivers/STM32H7xx_HAL_Driver/Src/stm32h7xx_hal_flash_ex.o
                0x0000000024009d08                HAL_FLASHEx_Erase
 .text.HAL_FLASHEx_Erase_IT
                0x0000000024009e9c      0x138 ./Drivers/STM32H7xx_HAL_Driver/Src/stm32h7xx_hal_flash_ex.o
                0x0000000024009e9c                HAL_FLASHEx_Erase_IT
 .text.HAL_FLASHEx_OBProgram
                0x0000000024009fd4      0x148 ./Drivers/STM32H7xx_HAL_Driver/Src/stm32h7xx_hal_flash_ex.o
                0x0000000024009fd4                HAL_FLASHEx_OBProgram
 .text.HAL_FLASHEx_OBGetConfig
                0x000000002400a11c       0xb6 ./Drivers/STM32H7xx_HAL_Driver/Src/stm32h7xx_hal_flash_ex.o
                0x000000002400a11c                HAL_FLASHEx_OBGetConfig
 *fill*         0x000000002400a1d2        0x2 
 .text.HAL_FLASHEx_Unlock_Bank1
                0x000000002400a1d4       0x44 ./Drivers/STM32H7xx_HAL_Driver/Src/stm32h7xx_hal_flash_ex.o
                0x000000002400a1d4                HAL_FLASHEx_Unlock_Bank1
 .text.HAL_FLASHEx_Lock_Bank1
                0x000000002400a218       0x20 ./Drivers/STM32H7xx_HAL_Driver/Src/stm32h7xx_hal_flash_ex.o
                0x000000002400a218                HAL_FLASHEx_Lock_Bank1
 .text.HAL_FLASHEx_Unlock_Bank2
                0x000000002400a238       0x4c ./Drivers/STM32H7xx_HAL_Driver/Src/stm32h7xx_hal_flash_ex.o
                0x000000002400a238                HAL_FLASHEx_Unlock_Bank2
 .text.HAL_FLASHEx_Lock_Bank2
                0x000000002400a284       0x24 ./Drivers/STM32H7xx_HAL_Driver/Src/stm32h7xx_hal_flash_ex.o
                0x000000002400a284                HAL_FLASHEx_Lock_Bank2
 .text.HAL_FLASHEx_ComputeCRC
                0x000000002400a2a8      0x1f0 ./Drivers/STM32H7xx_HAL_Driver/Src/stm32h7xx_hal_flash_ex.o
                0x000000002400a2a8                HAL_FLASHEx_ComputeCRC
 .text.FLASH_MassErase
                0x000000002400a498       0xd4 ./Drivers/STM32H7xx_HAL_Driver/Src/stm32h7xx_hal_flash_ex.o
 .text.FLASH_Erase_Sector
                0x000000002400a56c       0x7c ./Drivers/STM32H7xx_HAL_Driver/Src/stm32h7xx_hal_flash_ex.o
                0x000000002400a56c                FLASH_Erase_Sector
 .text.FLASH_OB_EnableWRP
                0x000000002400a5e8       0x54 ./Drivers/STM32H7xx_HAL_Driver/Src/stm32h7xx_hal_flash_ex.o
 .text.FLASH_OB_DisableWRP
                0x000000002400a63c       0x50 ./Drivers/STM32H7xx_HAL_Driver/Src/stm32h7xx_hal_flash_ex.o
 .text.FLASH_OB_GetWRP
                0x000000002400a68c       0x5c ./Drivers/STM32H7xx_HAL_Driver/Src/stm32h7xx_hal_flash_ex.o
 .text.FLASH_OB_RDPConfig
                0x000000002400a6e8       0x28 ./Drivers/STM32H7xx_HAL_Driver/Src/stm32h7xx_hal_flash_ex.o
 .text.FLASH_OB_GetRDP
                0x000000002400a710       0x38 ./Drivers/STM32H7xx_HAL_Driver/Src/stm32h7xx_hal_flash_ex.o
 .text.FLASH_OB_UserConfig
                0x000000002400a748      0x144 ./Drivers/STM32H7xx_HAL_Driver/Src/stm32h7xx_hal_flash_ex.o
 .text.FLASH_OB_GetUser
                0x000000002400a88c       0x2c ./Drivers/STM32H7xx_HAL_Driver/Src/stm32h7xx_hal_flash_ex.o
 .text.FLASH_OB_PCROPConfig
                0x000000002400a8b8       0x6c ./Drivers/STM32H7xx_HAL_Driver/Src/stm32h7xx_hal_flash_ex.o
 .text.FLASH_OB_GetPCROP
                0x000000002400a924       0x84 ./Drivers/STM32H7xx_HAL_Driver/Src/stm32h7xx_hal_flash_ex.o
 .text.FLASH_OB_BOR_LevelConfig
                0x000000002400a9a8       0x28 ./Drivers/STM32H7xx_HAL_Driver/Src/stm32h7xx_hal_flash_ex.o
 .text.FLASH_OB_GetBOR
                0x000000002400a9d0       0x1c ./Drivers/STM32H7xx_HAL_Driver/Src/stm32h7xx_hal_flash_ex.o
 .text.FLASH_OB_BootAddConfig